[debug] [2026-01-02T13:13:47.984Z] ----------------------------------------------------------------------
[debug] [2026-01-02T13:13:47.986Z] Command:       C:\Program Files\nodejs\node.exe C:\Users\User\AppData\Roaming\npm\node_modules\firebase-tools\lib\bin\firebase.js init
[debug] [2026-01-02T13:13:47.986Z] CLI Version:   15.1.0
[debug] [2026-01-02T13:13:47.986Z] Platform:      win32
[debug] [2026-01-02T13:13:47.986Z] Node Version:  v22.18.0
[debug] [2026-01-02T13:13:47.987Z] Time:          Fri Jan 02 2026 19:13:47 GMT+0600 (Bangladesh Standard Time)
[debug] [2026-01-02T13:13:47.987Z] ----------------------------------------------------------------------
[debug] 
[info] 
     ######## #### ########  ######## ########     ###     ######  ########
     ##        ##  ##     ## ##       ##     ##  ##   ##  ##       ##
     ######    ##  ########  ######   ########  #########  ######  ######
     ##        ##  ##    ##  ##       ##     ## ##     ##       ## ##
     ##       #### ##     ## ######## ########  ##     ##  ######  ########

You're about to initialize a Firebase project in this directory:

  D:\Gold Rush WEB\client

Before we get started, keep in mind:

  * You are initializing within an existing Firebase project directory

[debug] [2026-01-02T13:18:01.775Z] ExitPromptError: User force closed the prompt with SIGINT
    at Interface.sigint (C:\Users\User\AppData\Roaming\npm\node_modules\firebase-tools\node_modules\@inquirer\core\dist\commonjs\lib\create-prompt.js:101:37)
    at Interface.emit (node:events:518:28)
    at [_ttyWrite] [as _ttyWrite] (node:internal/readline/interface:1132:18)
    at ReadStream.onkeypress (node:internal/readline/interface:271:20)
    at ReadStream.emit (node:events:530:35)
    at emitKeys (node:internal/readline/utils:370:14)
    at emitKeys.next (<anonymous>)
    at ReadStream.onData (node:internal/readline/emitKeypressEvents:64:36)
    at ReadStream.emit (node:events:518:28)
    at addChunk (node:internal/streams/readable:561:12)
[error] 
[error] Error: An unexpected error has occurred.
