[debug] [2026-01-19T18:39:14.861Z] ----------------------------------------------------------------------
[debug] [2026-01-19T18:39:14.862Z] Command:       C:\Program Files\nodejs\node.exe C:\Users\User\AppData\Roaming\npm\node_modules\firebase-tools\lib\bin\firebase.js deploy --only functions,hosting --debug
[debug] [2026-01-19T18:39:14.863Z] CLI Version:   15.3.1
[debug] [2026-01-19T18:39:14.863Z] Platform:      win32
[debug] [2026-01-19T18:39:14.863Z] Node Version:  v22.18.0
[debug] [2026-01-19T18:39:14.863Z] Time:          Tue Jan 20 2026 00:39:14 GMT+0600 (Bangladesh Standard Time)
[debug] [2026-01-19T18:39:14.863Z] ----------------------------------------------------------------------
[debug] 
[debug] [2026-01-19T18:39:15.764Z] > command requires scopes: ["email","openid","https://www.googleapis.com/auth/cloudplatformprojects.readonly","https://www.googleapis.com/auth/firebase","https://www.googleapis.com/auth/cloud-platform"]
[debug] [2026-01-19T18:39:15.765Z] > authorizing via signed-in user (teammiracle.projects@gmail.com)
[debug] [2026-01-19T18:39:15.765Z] [iam] checking project gold-rush-2025 for permissions ["cloudfunctions.functions.create","cloudfunctions.functions.delete","cloudfunctions.functions.get","cloudfunctions.functions.list","cloudfunctions.functions.update","cloudfunctions.operations.get","firebase.projects.get","firebasehosting.sites.update"]
[debug] [2026-01-19T18:39:15.766Z] Checked if tokens are valid: true, expires at: 1768849227567
[debug] [2026-01-19T18:39:15.766Z] Checked if tokens are valid: true, expires at: 1768849227567
[debug] [2026-01-19T18:39:15.767Z] >>> [apiv2][query] POST https://cloudresourcemanager.googleapis.com/v1/projects/gold-rush-2025:testIamPermissions [none]
[debug] [2026-01-19T18:39:15.767Z] >>> [apiv2][(partial)header] POST https://cloudresourcemanager.googleapis.com/v1/projects/gold-rush-2025:testIamPermissions x-goog-quota-user=projects/gold-rush-2025
[debug] [2026-01-19T18:39:15.767Z] >>> [apiv2][body] POST https://cloudresourcemanager.googleapis.com/v1/projects/gold-rush-2025:testIamPermissions {"permissions":["cloudfunctions.functions.create","cloudfunctions.functions.delete","cloudfunctions.functions.get","cloudfunctions.functions.list","cloudfunctions.functions.update","cloudfunctions.operations.get","firebase.projects.get","firebasehosting.sites.update"]}
[debug] [2026-01-19T18:39:17.108Z] <<< [apiv2][status] POST https://cloudresourcemanager.googleapis.com/v1/projects/gold-rush-2025:testIamPermissions 200
[debug] [2026-01-19T18:39:17.108Z] <<< [apiv2][body] POST https://cloudresourcemanager.googleapis.com/v1/projects/gold-rush-2025:testIamPermissions {"permissions":["cloudfunctions.functions.create","cloudfunctions.functions.delete","cloudfunctions.functions.get","cloudfunctions.functions.list","cloudfunctions.functions.update","cloudfunctions.operations.get","firebase.projects.get","firebasehosting.sites.update"]}
[debug] [2026-01-19T18:39:17.109Z] Checked if tokens are valid: true, expires at: 1768849227567
[debug] [2026-01-19T18:39:17.109Z] Checked if tokens are valid: true, expires at: 1768849227567
[debug] [2026-01-19T18:39:17.109Z] >>> [apiv2][query] POST https://iam.googleapis.com/v1/projects/gold-rush-2025/serviceAccounts/gold-rush-2025@appspot.gserviceaccount.com:testIamPermissions [none]
[debug] [2026-01-19T18:39:17.109Z] >>> [apiv2][body] POST https://iam.googleapis.com/v1/projects/gold-rush-2025/serviceAccounts/gold-rush-2025@appspot.gserviceaccount.com:testIamPermissions {"permissions":["iam.serviceAccounts.actAs"]}
[debug] [2026-01-19T18:39:18.671Z] <<< [apiv2][status] POST https://iam.googleapis.com/v1/projects/gold-rush-2025/serviceAccounts/gold-rush-2025@appspot.gserviceaccount.com:testIamPermissions 200
[debug] [2026-01-19T18:39:18.672Z] <<< [apiv2][body] POST https://iam.googleapis.com/v1/projects/gold-rush-2025/serviceAccounts/gold-rush-2025@appspot.gserviceaccount.com:testIamPermissions {"permissions":["iam.serviceAccounts.actAs"]}
[debug] [2026-01-19T18:39:18.672Z] Checked if tokens are valid: true, expires at: 1768849227567
[debug] [2026-01-19T18:39:18.672Z] Checked if tokens are valid: true, expires at: 1768849227567
[debug] [2026-01-19T18:39:18.672Z] >>> [apiv2][query] GET https://firebase.googleapis.com/v1beta1/projects/gold-rush-2025 [none]
[debug] [2026-01-19T18:39:19.112Z] <<< [apiv2][status] GET https://firebase.googleapis.com/v1beta1/projects/gold-rush-2025 200
[debug] [2026-01-19T18:39:19.112Z] <<< [apiv2][body] GET https://firebase.googleapis.com/v1beta1/projects/gold-rush-2025 {"projectId":"gold-rush-2025","projectNumber":"577579480262","displayName":"Gold Rush","name":"projects/gold-rush-2025","resources":{"hostingSite":"gold-rush-2025"},"state":"ACTIVE","etag":"1_27b56b41-16d4-4ad8-b119-985c148d6a8c"}
[info] 
[info] === Deploying to 'gold-rush-2025'...
[info] 
[info] i  deploying functions, hosting 
[debug] [2026-01-19T18:39:19.115Z] Checked if tokens are valid: true, expires at: 1768849227567
[debug] [2026-01-19T18:39:19.115Z] Checked if tokens are valid: true, expires at: 1768849227567
[debug] [2026-01-19T18:39:19.115Z] >>> [apiv2][query] GET https://cloudresourcemanager.googleapis.com/v1/projects/gold-rush-2025 [none]
[debug] [2026-01-19T18:39:19.412Z] <<< [apiv2][status] GET https://cloudresourcemanager.googleapis.com/v1/projects/gold-rush-2025 200
[debug] [2026-01-19T18:39:19.412Z] <<< [apiv2][body] GET https://cloudresourcemanager.googleapis.com/v1/projects/gold-rush-2025 {"projectNumber":"577579480262","projectId":"gold-rush-2025","lifecycleState":"ACTIVE","name":"Gold Rush","labels":{"firebase":"enabled","firebase-core":"disabled"},"createTime":"2026-01-02T12:41:29.780441Z"}
[info] i  functions: preparing codebase default for deployment 
[info] i  functions: ensuring required API cloudfunctions.googleapis.com is enabled... 
[info] i  functions: ensuring required API cloudbuild.googleapis.com is enabled... 
[info] i  artifactregistry: ensuring required API artifactregistry.googleapis.com is enabled... 
[debug] [2026-01-19T18:39:19.414Z] Checked if tokens are valid: true, expires at: 1768849227567
[debug] [2026-01-19T18:39:19.414Z] Checked if tokens are valid: true, expires at: 1768849227567
[debug] [2026-01-19T18:39:19.414Z] >>> [apiv2][query] GET https://firebase.googleapis.com/v1beta1/projects/gold-rush-2025/adminSdkConfig [none]
[debug] [2026-01-19T18:39:19.753Z] <<< [apiv2][status] GET https://firebase.googleapis.com/v1beta1/projects/gold-rush-2025/adminSdkConfig 200
[debug] [2026-01-19T18:39:19.753Z] <<< [apiv2][body] GET https://firebase.googleapis.com/v1beta1/projects/gold-rush-2025/adminSdkConfig {"projectId":"gold-rush-2025","storageBucket":"gold-rush-2025.firebasestorage.app"}
[debug] [2026-01-19T18:39:19.753Z] Checked if tokens are valid: true, expires at: 1768849227567
[debug] [2026-01-19T18:39:19.754Z] Checked if tokens are valid: true, expires at: 1768849227567
[debug] [2026-01-19T18:39:19.754Z] >>> [apiv2][query] GET https://runtimeconfig.googleapis.com/v1beta1/projects/gold-rush-2025/configs [none]
[debug] [2026-01-19T18:39:20.927Z] <<< [apiv2][status] GET https://runtimeconfig.googleapis.com/v1beta1/projects/gold-rush-2025/configs 200
[debug] [2026-01-19T18:39:20.927Z] <<< [apiv2][body] GET https://runtimeconfig.googleapis.com/v1beta1/projects/gold-rush-2025/configs {}
[debug] [2026-01-19T18:39:20.928Z] Validating nodejs source
[warn] !  functions: package.json indicates an outdated version of firebase-functions. Please upgrade using npm install --save firebase-functions@latest in your functions directory. 
[warn] !  functions: Please note that there will be breaking changes when you upgrade. 
[debug] [2026-01-19T18:39:21.393Z] > [functions] package.json contents: {
  "name": "functions",
  "description": "Cloud Functions for Firebase",
  "scripts": {
    "serve": "firebase emulators:start --only functions",
    "shell": "firebase functions:shell",
    "start": "npm run shell",
    "deploy": "firebase deploy --only functions",
    "logs": "firebase functions:log"
  },
  "engines": {
    "node": "20"
  },
  "main": "index.js",
  "dependencies": {
    "cors": "^2.8.5",
    "dotenv": "^16.6.1",
    "express": "^4.22.1",
    "firebase-admin": "^11.8.0",
    "firebase-functions": "^4.3.1",
    "mssql": "^12.2.0",
    "sslcommerz-lts": "^1.2.0",
    "uuid": "^13.0.0"
  },
  "private": true
}
[debug] [2026-01-19T18:39:21.393Z] Building nodejs source
[info] i  functions: Loading and analyzing source code for codebase default to determine what to deploy 
[info] i  functions: You are using a version of firebase-functions SDK (4.9.0) that does not have support for the newest Firebase Extensions features. Please update firebase-functions SDK to >=5.1.0 to use them correctly 
[debug] [2026-01-19T18:39:21.394Z] Could not find functions.yaml. Must use http discovery
[debug] [2026-01-19T18:39:21.401Z] Found firebase-functions binary at 'D:\Gold Rush WEB (1st Update Done)\Gold Rush WEB\functions\node_modules\.bin\firebase-functions'
[info] Serving at port 8733

[debug] [2026-01-19T18:39:21.835Z] Got response from /__/functions.yaml {"endpoints":{"goldrushApi":{"availableMemoryMb":null,"timeoutSeconds":null,"minInstances":null,"maxInstances":null,"ingressSettings":null,"concurrency":null,"serviceAccountEmail":null,"vpc":null,"platform":"gcfv2","labels":{},"httpsTrigger":{},"entryPoint":"goldrushApi"}},"specVersion":"v1alpha1","requiredAPIs":[]}
[info] Connected to SQL Server at 136.111.185.167

[info] Starting Schema Initialization...

[info] i  functions: Loaded environment variables from .env. 
[info] i  functions: preparing functions directory for uploading... 
[info] i  functions: packaged D:\Gold Rush WEB (1st Update Done)\Gold Rush WEB\functions (68.06 KB) for uploading 
[debug] [2026-01-19T18:39:31.879Z] Checked if tokens are valid: true, expires at: 1768849227567
[debug] [2026-01-19T18:39:31.879Z] Checked if tokens are valid: true, expires at: 1768849227567
[debug] [2026-01-19T18:39:31.879Z] >>> [apiv2][query] GET https://cloudfunctions.googleapis.com/v1/projects/gold-rush-2025/locations/-/functions [none]
[info] Stock transfers schema verified.

[debug] [2026-01-19T18:39:32.708Z] <<< [apiv2][status] GET https://cloudfunctions.googleapis.com/v1/projects/gold-rush-2025/locations/-/functions 200
[debug] [2026-01-19T18:39:32.708Z] <<< [apiv2][body] GET https://cloudfunctions.googleapis.com/v1/projects/gold-rush-2025/locations/-/functions {}
[debug] [2026-01-19T18:39:32.708Z] Checked if tokens are valid: true, expires at: 1768849227567
[debug] [2026-01-19T18:39:32.708Z] Checked if tokens are valid: true, expires at: 1768849227567
[debug] [2026-01-19T18:39:32.709Z] >>> [apiv2][query] GET https://cloudfunctions.googleapis.com/v2/projects/gold-rush-2025/locations/-/functions filter=environment%3D%22GEN_2%22
[debug] [2026-01-19T18:39:34.289Z] <<< [apiv2][status] GET https://cloudfunctions.googleapis.com/v2/projects/gold-rush-2025/locations/-/functions 200
[debug] [2026-01-19T18:39:34.289Z] <<< [apiv2][body] GET https://cloudfunctions.googleapis.com/v2/projects/gold-rush-2025/locations/-/functions {"functions":[{"name":"projects/gold-rush-2025/locations/us-central1/functions/goldLagbeApi","buildConfig":{"build":"projects/577579480262/locations/us-central1/builds/8b3d2693-2b5b-4086-a85a-1e68cf133af8","runtime":"nodejs20","entryPoint":"goldLagbeApi","source":{"storageSource":{"bucket":"gcf-v2-sources-577579480262-us-central1","object":"goldLagbeApi/function-source.zip","generation":"1768847203626554"}},"environmentVariables":{"GOOGLE_NODE_RUN_SCRIPTS":""},"dockerRepository":"projects/gold-rush-2025/locations/us-central1/repositories/gcf-artifacts","sourceProvenance":{"resolvedStorageSource":{"bucket":"gcf-v2-sources-577579480262-us-central1","object":"goldLagbeApi/function-source.zip","generation":"1768847203626554"}},"dockerRegistry":"ARTIFACT_REGISTRY","serviceAccount":"projects/gold-rush-2025/serviceAccounts/577579480262-compute@developer.gserviceaccount.com","automaticUpdatePolicy":{}},"serviceConfig":{"service":"projects/gold-rush-2025/locations/us-central1/services/goldlagbeapi","timeoutSeconds":60,"environmentVariables":{"DB_USER":"sqlserver","DB_PASSWORD":"gold-rush-db","DB_HOST":"136.111.185.167","DB_PORT":"1433","DB_NAME":"gold_rush_main","STORE_ID":"certi6925618cc270e","STORE_PASSWORD":"certi6925618cc270e@ssl","IS_LIVE":"false","FIREBASE_CONFIG":"{\"projectId\":\"gold-rush-2025\",\"storageBucket\":\"gold-rush-2025.firebasestorage.app\"}","GCLOUD_PROJECT":"gold-rush-2025","EVENTARC_CLOUD_EVENT_SOURCE":"projects/gold-rush-2025/locations/us-central1/services/goldLagbeApi","FUNCTION_TARGET":"goldLagbeApi","LOG_EXECUTION_ID":"true"},"ingressSettings":"ALLOW_ALL","uri":"https://goldlagbeapi-etpcf7ssxq-uc.a.run.app","serviceAccountEmail":"577579480262-compute@developer.gserviceaccount.com","availableMemory":"256Mi","allTrafficOnLatestRevision":true,"revision":"goldlagbeapi-00001-nif","maxInstanceRequestConcurrency":80,"availableCpu":"1"},"state":"ACTIVE","updateTime":"2026-01-19T18:28:06.251406169Z","labels":{"deployment-tool":"cli-firebase","firebase-functions-hash":"f0b047910832866b6b5f7f76b43a72011defceaa"},"environment":"GEN_2","url":"https://us-central1-gold-rush-2025.cloudfunctions.net/goldLagbeApi","createTime":"2026-01-19T18:26:43.854883129Z","satisfiesPzi":true},{"name":"projects/gold-rush-2025/locations/us-central1/functions/api","buildConfig":{"build":"projects/577579480262/locations/us-central1/builds/6c505426-ddb5-40b6-ae2f-14ea519ce6b8","runtime":"nodejs20","entryPoint":"api","source":{"storageSource":{"bucket":"gcf-v2-sources-577579480262-us-central1","object":"api/function-source.zip","generation":"1768846596932397"}},"environmentVariables":{"GOOGLE_NODE_RUN_SCRIPTS":""},"dockerRepository":"projects/gold-rush-2025/locations/us-central1/repositories/gcf-artifacts","sourceProvenance":{"resolvedStorageSource":{"bucket":"gcf-v2-sources-577579480262-us-central1","object":"api/function-source.zip","generation":"1768846596932397"}},"dockerRegistry":"ARTIFACT_REGISTRY","serviceAccount":"projects/gold-rush-2025/serviceAccounts/577579480262-compute@developer.gserviceaccount.com","automaticUpdatePolicy":{}},"serviceConfig":{"service":"projects/gold-rush-2025/locations/us-central1/services/api","timeoutSeconds":60,"environmentVariables":{"DB_USER":"sqlserver","DB_PASSWORD":"gold-rush-db","DB_HOST":"136.111.185.167","DB_PORT":"1433","DB_NAME":"gold_rush_main","STORE_ID":"certi6925618cc270e","STORE_PASSWORD":"certi6925618cc270e@ssl","IS_LIVE":"false","FIREBASE_CONFIG":"{\"projectId\":\"gold-rush-2025\",\"storageBucket\":\"gold-rush-2025.firebasestorage.app\"}","GCLOUD_PROJECT":"gold-rush-2025","EVENTARC_CLOUD_EVENT_SOURCE":"projects/gold-rush-2025/locations/us-central1/services/api","FUNCTION_TARGET":"api","LOG_EXECUTION_ID":"true"},"maxInstanceCount":3,"ingressSettings":"ALLOW_ALL","uri":"https://api-etpcf7ssxq-uc.a.run.app","serviceAccountEmail":"577579480262-compute@developer.gserviceaccount.com","availableMemory":"256Mi","allTrafficOnLatestRevision":true,"revision":"api-00022-fug","maxInstanceRequestConcurrency":80,"availableCpu":"1"},"state":"ACTIVE","updateTime":"2026-01-19T18:18:05.239709014Z","labels":{"deployment-tool":"cli-firebase","firebase-functions-hash":"44734d5ccf4dc14c548510b4da35ccc429d792f2"},"environment":"GEN_2","url":"https://us-central1-gold-rush-2025.cloudfunctions.net/api","createTime":"2026-01-02T13:32:05.796142692Z","satisfiesPzi":true}]}
[info] i  functions: ensuring required API run.googleapis.com is enabled... 
[info] i  functions: ensuring required API eventarc.googleapis.com is enabled... 
[info] i  functions: ensuring required API pubsub.googleapis.com is enabled... 
[info] i  functions: ensuring required API storage.googleapis.com is enabled... 
[info] i  functions: generating the service identity for pubsub.googleapis.com... 
[debug] [2026-01-19T18:39:34.292Z] Checked if tokens are valid: true, expires at: 1768849227567
[debug] [2026-01-19T18:39:34.292Z] Checked if tokens are valid: true, expires at: 1768849227567
[info] i  functions: generating the service identity for eventarc.googleapis.com... 
[debug] [2026-01-19T18:39:34.292Z] Checked if tokens are valid: true, expires at: 1768849227567
[debug] [2026-01-19T18:39:34.293Z] Checked if tokens are valid: true, expires at: 1768849227567
[debug] [2026-01-19T18:39:34.293Z] >>> [apiv2][query] POST https://serviceusage.googleapis.com/v1beta1/projects/577579480262/services/pubsub.googleapis.com:generateServiceIdentity [none]
[debug] [2026-01-19T18:39:34.293Z] >>> [apiv2][(partial)header] POST https://serviceusage.googleapis.com/v1beta1/projects/577579480262/services/pubsub.googleapis.com:generateServiceIdentity x-goog-quota-user=projects/577579480262
[debug] [2026-01-19T18:39:34.293Z] >>> [apiv2][body] POST https://serviceusage.googleapis.com/v1beta1/projects/577579480262/services/pubsub.googleapis.com:generateServiceIdentity {}
[debug] [2026-01-19T18:39:34.294Z] >>> [apiv2][query] POST https://serviceusage.googleapis.com/v1beta1/projects/577579480262/services/eventarc.googleapis.com:generateServiceIdentity [none]
[debug] [2026-01-19T18:39:34.295Z] >>> [apiv2][(partial)header] POST https://serviceusage.googleapis.com/v1beta1/projects/577579480262/services/eventarc.googleapis.com:generateServiceIdentity x-goog-quota-user=projects/577579480262
[debug] [2026-01-19T18:39:34.295Z] >>> [apiv2][body] POST https://serviceusage.googleapis.com/v1beta1/projects/577579480262/services/eventarc.googleapis.com:generateServiceIdentity {}
[debug] [2026-01-19T18:39:36.024Z] <<< [apiv2][status] POST https://serviceusage.googleapis.com/v1beta1/projects/577579480262/services/pubsub.googleapis.com:generateServiceIdentity 200
[debug] [2026-01-19T18:39:36.024Z] <<< [apiv2][body] POST https://serviceusage.googleapis.com/v1beta1/projects/577579480262/services/pubsub.googleapis.com:generateServiceIdentity {"name":"operations/finished.DONE_OPERATION","done":true,"response":{"@type":"type.googleapis.com/google.api.serviceusage.v1beta1.ServiceIdentity","email":"service-577579480262@gcp-sa-pubsub.iam.gserviceaccount.com","uniqueId":"109750190656528680780"}}
[debug] [2026-01-19T18:39:36.039Z] <<< [apiv2][status] POST https://serviceusage.googleapis.com/v1beta1/projects/577579480262/services/eventarc.googleapis.com:generateServiceIdentity 200
[debug] [2026-01-19T18:39:36.039Z] <<< [apiv2][body] POST https://serviceusage.googleapis.com/v1beta1/projects/577579480262/services/eventarc.googleapis.com:generateServiceIdentity {"name":"operations/finished.DONE_OPERATION","done":true,"response":{"@type":"type.googleapis.com/google.api.serviceusage.v1beta1.ServiceIdentity","email":"service-577579480262@gcp-sa-eventarc.iam.gserviceaccount.com","uniqueId":"116104183549598394612"}}
[debug] [2026-01-19T18:39:36.041Z] Checked if tokens are valid: true, expires at: 1768849227567
[debug] [2026-01-19T18:39:36.041Z] Checked if tokens are valid: true, expires at: 1768849227567
[debug] [2026-01-19T18:39:36.041Z] >>> [apiv2][query] GET https://cloudresourcemanager.googleapis.com/v1/projects/gold-rush-2025 [none]
[debug] [2026-01-19T18:39:37.647Z] <<< [apiv2][status] GET https://cloudresourcemanager.googleapis.com/v1/projects/gold-rush-2025 200
[debug] [2026-01-19T18:39:37.647Z] <<< [apiv2][body] GET https://cloudresourcemanager.googleapis.com/v1/projects/gold-rush-2025 {"projectNumber":"577579480262","projectId":"gold-rush-2025","lifecycleState":"ACTIVE","name":"Gold Rush","labels":{"firebase":"enabled","firebase-core":"disabled"},"createTime":"2026-01-02T12:41:29.780441Z"}
[debug] [2026-01-19T18:39:37.647Z] Checked if tokens are valid: true, expires at: 1768849227567
[debug] [2026-01-19T18:39:37.647Z] Checked if tokens are valid: true, expires at: 1768849227567
[debug] [2026-01-19T18:39:37.648Z] >>> [apiv2][query] GET https://compute.googleapis.com/compute/v1/projects/577579480262 [none]
[debug] [2026-01-19T18:39:38.104Z] <<< [apiv2][status] GET https://compute.googleapis.com/compute/v1/projects/577579480262 403
[debug] [2026-01-19T18:39:38.104Z] <<< [apiv2][body] GET https://compute.googleapis.com/compute/v1/projects/577579480262 {"error":{"code":403,"message":"Compute Engine API has not been used in project 577579480262 before or it is disabled. Enable it by visiting https://console.developers.google.com/apis/api/compute.googleapis.com/overview?project=577579480262 then retry. If you enabled this API recently, wait a few minutes for the action to propagate to our systems and retry.","errors":[{"message":"Compute Engine API has not been used in project 577579480262 before or it is disabled. Enable it by visiting https://console.developers.google.com/apis/api/compute.googleapis.com/overview?project=577579480262 then retry. If you enabled this API recently, wait a few minutes for the action to propagate to our systems and retry.","domain":"usageLimits","reason":"accessNotConfigured","extendedHelp":"https://console.developers.google.com"}],"status":"PERMISSION_DENIED","details":[{"@type":"type.googleapis.com/google.rpc.ErrorInfo","reason":"SERVICE_DISABLED","domain":"googleapis.com","metadata":{"activationUrl":"https://console.developers.google.com/apis/api/compute.googleapis.com/overview?project=577579480262","consumer":"projects/577579480262","serviceTitle":"Compute Engine API","service":"compute.googleapis.com","containerInfo":"577579480262"}},{"@type":"type.googleapis.com/google.rpc.LocalizedMessage","locale":"en-US","message":"Compute Engine API has not been used in project 577579480262 before or it is disabled. Enable it by visiting https://console.developers.google.com/apis/api/compute.googleapis.com/overview?project=577579480262 then retry. If you enabled this API recently, wait a few minutes for the action to propagate to our systems and retry."},{"@type":"type.googleapis.com/google.rpc.Help","links":[{"description":"Google developers console API activation","url":"https://console.developers.google.com/apis/api/compute.googleapis.com/overview?project=577579480262"}]}]}}
[debug] [2026-01-19T18:39:38.105Z] unable to look up default compute service account. Falling back to 577579480262-compute@developer.gserviceaccount.com. Error: {"name":"FirebaseError","children":[],"context":{"body":{"error":{"code":403,"message":"Compute Engine API has not been used in project 577579480262 before or it is disabled. Enable it by visiting https://console.developers.google.com/apis/api/compute.googleapis.com/overview?project=577579480262 then retry. If you enabled this API recently, wait a few minutes for the action to propagate to our systems and retry.","errors":[{"message":"Compute Engine API has not been used in project 577579480262 before or it is disabled. Enable it by visiting https://console.developers.google.com/apis/api/compute.googleapis.com/overview?project=577579480262 then retry. If you enabled this API recently, wait a few minutes for the action to propagate to our systems and retry.","domain":"usageLimits","reason":"accessNotConfigured","extendedHelp":"https://console.developers.google.com"}],"status":"PERMISSION_DENIED","details":[{"@type":"type.googleapis.com/google.rpc.ErrorInfo","reason":"SERVICE_DISABLED","domain":"googleapis.com","metadata":{"activationUrl":"https://console.developers.google.com/apis/api/compute.googleapis.com/overview?project=577579480262","consumer":"projects/577579480262","serviceTitle":"Compute Engine API","service":"compute.googleapis.com","containerInfo":"577579480262"}},{"@type":"type.googleapis.com/google.rpc.LocalizedMessage","locale":"en-US","message":"Compute Engine API has not been used in project 577579480262 before or it is disabled. Enable it by visiting https://console.developers.google.com/apis/api/compute.googleapis.com/overview?project=577579480262 then retry. If you enabled this API recently, wait a few minutes for the action to propagate to our systems and retry."},{"@type":"type.googleapis.com/google.rpc.Help","links":[{"description":"Google developers console API activation","url":"https://console.developers.google.com/apis/api/compute.googleapis.com/overview?project=577579480262"}]}]}},"response":{"statusCode":403}},"exit":1,"message":"Request to https://compute.googleapis.com/compute/v1/projects/577579480262 had HTTP Error: 403, Compute Engine API has not been used in project 577579480262 before or it is disabled. Enable it by visiting https://console.developers.google.com/apis/api/compute.googleapis.com/overview?project=577579480262 then retry. If you enabled this API recently, wait a few minutes for the action to propagate to our systems and retry.","status":403}
[debug] [2026-01-19T18:39:38.106Z] Checked if tokens are valid: true, expires at: 1768849227567
[debug] [2026-01-19T18:39:38.106Z] Checked if tokens are valid: true, expires at: 1768849227567
[debug] [2026-01-19T18:39:38.106Z] >>> [apiv2][query] POST https://firebasehosting.googleapis.com/v1beta1/projects/-/sites/gold-rush-2025/versions [none]
[debug] [2026-01-19T18:39:38.106Z] >>> [apiv2][body] POST https://firebasehosting.googleapis.com/v1beta1/projects/-/sites/gold-rush-2025/versions {"status":"CREATED","labels":{"deployment-tool":"cli-firebase"}}
[debug] [2026-01-19T18:39:40.033Z] <<< [apiv2][status] POST https://firebasehosting.googleapis.com/v1beta1/projects/-/sites/gold-rush-2025/versions 200
[debug] [2026-01-19T18:39:40.034Z] <<< [apiv2][body] POST https://firebasehosting.googleapis.com/v1beta1/projects/-/sites/gold-rush-2025/versions {"name":"projects/577579480262/sites/gold-rush-2025/versions/57815b263fff7ddf","status":"CREATED","config":{},"labels":{"deployment-tool":"cli-firebase"}}
[debug] [2026-01-19T18:39:40.034Z] [functions] found 1 new HTTP functions, testing setIamPolicy permission...
[debug] [2026-01-19T18:39:40.034Z] Checked if tokens are valid: true, expires at: 1768849227567
[debug] [2026-01-19T18:39:40.035Z] Checked if tokens are valid: true, expires at: 1768849227567
[debug] [2026-01-19T18:39:40.035Z] >>> [apiv2][query] POST https://cloudresourcemanager.googleapis.com/v1/projects/gold-rush-2025:testIamPermissions [none]
[debug] [2026-01-19T18:39:40.035Z] >>> [apiv2][(partial)header] POST https://cloudresourcemanager.googleapis.com/v1/projects/gold-rush-2025:testIamPermissions x-goog-quota-user=projects/gold-rush-2025
[debug] [2026-01-19T18:39:40.035Z] >>> [apiv2][body] POST https://cloudresourcemanager.googleapis.com/v1/projects/gold-rush-2025:testIamPermissions {"permissions":["cloudfunctions.functions.setIamPolicy"]}
[debug] [2026-01-19T18:39:40.306Z] <<< [apiv2][status] POST https://cloudresourcemanager.googleapis.com/v1/projects/gold-rush-2025:testIamPermissions 200
[debug] [2026-01-19T18:39:40.307Z] <<< [apiv2][body] POST https://cloudresourcemanager.googleapis.com/v1/projects/gold-rush-2025:testIamPermissions {"permissions":["cloudfunctions.functions.setIamPolicy"]}
[debug] [2026-01-19T18:39:40.307Z] [functions] found setIamPolicy permission, proceeding with deploy
[debug] [2026-01-19T18:39:40.307Z] Checked if tokens are valid: true, expires at: 1768849227567
[debug] [2026-01-19T18:39:40.308Z] Checked if tokens are valid: true, expires at: 1768849227567
[debug] [2026-01-19T18:39:40.308Z] >>> [apiv2][query] POST https://cloudfunctions.googleapis.com/v2/projects/gold-rush-2025/locations/us-central1/functions:generateUploadUrl [none]
[debug] [2026-01-19T18:39:41.816Z] <<< [apiv2][status] POST https://cloudfunctions.googleapis.com/v2/projects/gold-rush-2025/locations/us-central1/functions:generateUploadUrl 200
[debug] [2026-01-19T18:39:41.816Z] <<< [apiv2][body] POST https://cloudfunctions.googleapis.com/v2/projects/gold-rush-2025/locations/us-central1/functions:generateUploadUrl {"uploadUrl":"https://storage.googleapis.com/gcf-v2-uploads-577579480262.us-central1.cloudfunctions.appspot.com/af172855-0dce-465a-8f2e-9efb5bcc62b4.zip?GoogleAccessId=service-577579480262@gcf-admin-robot.iam.gserviceaccount.com&Expires=1768849781&Signature=c%2B8%2FKPDsM3JzCQYqlMvqzzsy5ZW7beYjUg2jACPkJuAv6q2QHV1DfJSz0zrFh8OEYDiIqNcVOOGARJu6znrVpi4N6M8aXEWqinG%2FzaKOoqgXWVeFhvzzqE91ve6yI0sYir41gZE6a4l0rwpS0v7U32j%2FknvP0KJHShQ6AgeB7AYQS%2FM6Ev6el0MHqzhai5AOTuYJDnZHQoxEKwOHJQC3qlIkQ4WRgDUoGnCkw6LMcE5c4Qr0aThIJxsrkwiuP6RS2upewQz68JEqDIxivvGMdtTuNX95XzAdXU5IHQk%2F%2FWU%2BWcgwBduUiYeWHqNdc%2BtqKjNV0CoECYT%2FoHACp8855A%3D%3D","storageSource":{"bucket":"gcf-v2-uploads-577579480262.us-central1.cloudfunctions.appspot.com","object":"af172855-0dce-465a-8f2e-9efb5bcc62b4.zip"}}
[debug] [2026-01-19T18:39:41.817Z] >>> [apiv2][query] PUT https://storage.googleapis.com/gcf-v2-uploads-577579480262.us-central1.cloudfunctions.appspot.com/af172855-0dce-465a-8f2e-9efb5bcc62b4.zip GoogleAccessId=service-577579480262%40gcf-admin-robot.iam.gserviceaccount.com&Expires=1768849781&Signature=c%2B8%2FKPDsM3JzCQYqlMvqzzsy5ZW7beYjUg2jACPkJuAv6q2QHV1DfJSz0zrFh8OEYDiIqNcVOOGARJu6znrVpi4N6M8aXEWqinG%2FzaKOoqgXWVeFhvzzqE91ve6yI0sYir41gZE6a4l0rwpS0v7U32j%2FknvP0KJHShQ6AgeB7AYQS%2FM6Ev6el0MHqzhai5AOTuYJDnZHQoxEKwOHJQC3qlIkQ4WRgDUoGnCkw6LMcE5c4Qr0aThIJxsrkwiuP6RS2upewQz68JEqDIxivvGMdtTuNX95XzAdXU5IHQk%2F%2FWU%2BWcgwBduUiYeWHqNdc%2BtqKjNV0CoECYT%2FoHACp8855A%3D%3D
[debug] [2026-01-19T18:39:41.817Z] >>> [apiv2][body] PUT https://storage.googleapis.com/gcf-v2-uploads-577579480262.us-central1.cloudfunctions.appspot.com/af172855-0dce-465a-8f2e-9efb5bcc62b4.zip [stream]
[debug] [2026-01-19T18:39:42.953Z] <<< [apiv2][status] PUT https://storage.googleapis.com/gcf-v2-uploads-577579480262.us-central1.cloudfunctions.appspot.com/af172855-0dce-465a-8f2e-9efb5bcc62b4.zip 200
[debug] [2026-01-19T18:39:42.954Z] <<< [apiv2][body] PUT https://storage.googleapis.com/gcf-v2-uploads-577579480262.us-central1.cloudfunctions.appspot.com/af172855-0dce-465a-8f2e-9efb5bcc62b4.zip [omitted]
[info] +  functions: functions source uploaded successfully 
[info] i  hosting[gold-rush-2025]: beginning deploy... 
[info] i  hosting[gold-rush-2025]: found 7 files in client/dist 
[debug] [2026-01-19T18:39:42.964Z] [hosting] uploading with 200 concurrency
[debug] [2026-01-19T18:39:42.965Z] Checked if tokens are valid: true, expires at: 1768849227567
[debug] [2026-01-19T18:39:42.965Z] Checked if tokens are valid: true, expires at: 1768849227567
[debug] [2026-01-19T18:39:42.966Z] [hosting] hash cache [Y2xpZW50XGRpc3Q] stored for 7 files
[debug] [2026-01-19T18:39:42.966Z] [hosting][hash queue][FINAL] {"max":0,"min":0,"avg":0,"active":0,"complete":7,"success":7,"errored":0,"retried":0,"total":7,"elapsed":1}
[debug] [2026-01-19T18:39:42.967Z] >>> [apiv2][query] POST https://firebasehosting.googleapis.com/v1beta1/projects/577579480262/sites/gold-rush-2025/versions/57815b263fff7ddf:populateFiles [none]
[debug] [2026-01-19T18:39:42.967Z] >>> [apiv2][body] POST https://firebasehosting.googleapis.com/v1beta1/projects/577579480262/sites/gold-rush-2025/versions/57815b263fff7ddf:populateFiles {"files":{"/index.html":"d18a3af2cd6ef7d02c64354f258a79ff00aa8d6cfe3546490c7c29cd3b3337e8","/assets/index-DSUVqhGM.js":"13d41e28ea371f72f3a711d133cc679f198533c4a4377b2f7cf62d848ca260db","/assets/index-CdgHp9BJ.css":"b62e052e3dc9e2b75002b55690221735a1d973c7f1e2696027072cf110e82f45","/assets/goldrush1-CRO_b1BV.png":"8bf94a0ba96d5e209fcf879ffc133be06af4817fded3ed2287326da801668917","/assets/blog_jewellery-Bm-DC2dz.png":"e34f69030a60aced0597d44dee1d9daef5a19f8175179a124fdb82606b53b75e","/assets/blog_halkhata-juP2sTXf.png":"d3bc8a6536ace6595e747ef1b90e773a3619d619365a50a72b88eb9ebf133764","/assets/blog_gold-8Pn-H86A.png":"4d0321cd11c1c6343344aa2510706952f0121e881311ba4492cfb541c1d33902"}}
[debug] [2026-01-19T18:39:43.340Z] <<< [apiv2][status] POST https://firebasehosting.googleapis.com/v1beta1/projects/577579480262/sites/gold-rush-2025/versions/57815b263fff7ddf:populateFiles 200
[debug] [2026-01-19T18:39:43.340Z] <<< [apiv2][body] POST https://firebasehosting.googleapis.com/v1beta1/projects/577579480262/sites/gold-rush-2025/versions/57815b263fff7ddf:populateFiles {"uploadUrl":"https://upload-firebasehosting.googleapis.com/upload/sites/gold-rush-2025/versions/57815b263fff7ddf/files"}
[debug] [2026-01-19T18:39:43.340Z] [hosting][populate queue][FINAL] {"max":375,"min":375,"avg":375,"active":0,"complete":1,"success":1,"errored":0,"retried":0,"total":1,"elapsed":375}
[debug] [2026-01-19T18:39:43.340Z] [hosting] uploads queued: 0
[debug] [2026-01-19T18:39:43.340Z] [hosting][upload queue][FINAL] {"max":0,"min":9999999999,"avg":0,"active":0,"complete":0,"success":0,"errored":0,"retried":0,"total":0,"elapsed":1768847983340}
[info] i  hosting: upload complete 
[info] +  hosting[gold-rush-2025]: file upload complete 
[debug] [2026-01-19T18:39:43.341Z] [hosting] deploy completed after 385ms
[info] 
The following functions are found in your project but do not exist in your local source code:
	api(us-central1)
	goldLagbeApi(us-central1)

If you are renaming a function or changing its region, it is recommended that you create the new function first before deleting the old one to prevent event loss. For more info, visit https://firebase.google.com/docs/functions/manage-functions#modify

[info] Database schema synchronized (branch columns added).

[info] i  functions: creating Node.js 20 (2nd Gen) function goldrushApi(us-central1)... 
[debug] [2026-01-19T18:40:00.262Z] Checked if tokens are valid: true, expires at: 1768849227567
[debug] [2026-01-19T18:40:00.262Z] Checked if tokens are valid: true, expires at: 1768849227567
[info] i  functions: deleting Node.js 20 (2nd Gen) function goldLagbeApi(us-central1)... 
[info] i  functions: deleting Node.js 20 (2nd Gen) function api(us-central1)... 
[debug] [2026-01-19T18:40:00.263Z] Checked if tokens are valid: true, expires at: 1768849227567
[debug] [2026-01-19T18:40:00.264Z] Checked if tokens are valid: true, expires at: 1768849227567
[debug] [2026-01-19T18:40:00.264Z] Checked if tokens are valid: true, expires at: 1768849227567
[debug] [2026-01-19T18:40:00.264Z] Checked if tokens are valid: true, expires at: 1768849227567
[debug] [2026-01-19T18:40:00.264Z] >>> [apiv2][query] POST https://cloudfunctions.googleapis.com/v2/projects/gold-rush-2025/locations/us-central1/functions functionId=goldrushApi
[debug] [2026-01-19T18:40:00.264Z] >>> [apiv2][body] POST https://cloudfunctions.googleapis.com/v2/projects/gold-rush-2025/locations/us-central1/functions {"name":"projects/gold-rush-2025/locations/us-central1/functions/goldrushApi","buildConfig":{"runtime":"nodejs20","entryPoint":"goldrushApi","source":{"storageSource":{"bucket":"gcf-v2-uploads-577579480262.us-central1.cloudfunctions.appspot.com","object":"af172855-0dce-465a-8f2e-9efb5bcc62b4.zip"}},"environmentVariables":{"GOOGLE_NODE_RUN_SCRIPTS":""}},"serviceConfig":{"environmentVariables":{"DB_USER":"sqlserver","DB_PASSWORD":"gold-rush-db","DB_HOST":"136.111.185.167","DB_PORT":"1433","DB_NAME":"gold_rush_main","STORE_ID":"certi6925618cc270e","STORE_PASSWORD":"certi6925618cc270e@ssl","IS_LIVE":"false","FIREBASE_CONFIG":"{\"projectId\":\"gold-rush-2025\",\"storageBucket\":\"gold-rush-2025.firebasestorage.app\"}","GCLOUD_PROJECT":"gold-rush-2025","EVENTARC_CLOUD_EVENT_SOURCE":"projects/gold-rush-2025/locations/us-central1/services/goldrushApi","FUNCTION_TARGET":"goldrushApi","LOG_EXECUTION_ID":"true"},"ingressSettings":null,"timeoutSeconds":null,"serviceAccountEmail":null,"availableMemory":"256Mi","minInstanceCount":null,"maxInstanceCount":null,"maxInstanceRequestConcurrency":80,"availableCpu":"1","vpcConnector":null,"vpcConnectorEgressSettings":null},"labels":{"deployment-tool":"cli-firebase","firebase-functions-hash":"1e6df9630b209d9c64bd4b581adef1dfd25170c4"}}
[debug] [2026-01-19T18:40:00.266Z] >>> [apiv2][query] DELETE https://cloudfunctions.googleapis.com/v2/projects/gold-rush-2025/locations/us-central1/functions/goldLagbeApi [none]
[debug] [2026-01-19T18:40:00.267Z] >>> [apiv2][query] DELETE https://cloudfunctions.googleapis.com/v2/projects/gold-rush-2025/locations/us-central1/functions/api [none]
[debug] [2026-01-19T18:40:01.673Z] <<< [apiv2][status] DELETE https://cloudfunctions.googleapis.com/v2/projects/gold-rush-2025/locations/us-central1/functions/api 200
[debug] [2026-01-19T18:40:01.674Z] <<< [apiv2][body] DELETE https://cloudfunctions.googleapis.com/v2/projects/gold-rush-2025/locations/us-central1/functions/api {"name":"projects/gold-rush-2025/locations/us-central1/operations/operation-1768848001407-648c204c918d0-6c8b4e06-edac57d3","metadata":{"@type":"type.googleapis.com/google.cloud.functions.v2.OperationMetadata","createTime":"2026-01-19T18:40:01.422546708Z","target":"projects/gold-rush-2025/locations/us-central1/functions/api","verb":"delete","cancelRequested":false,"apiVersion":"v2"},"done":false}
[debug] [2026-01-19T18:40:01.674Z] Checked if tokens are valid: true, expires at: 1768849227567
[debug] [2026-01-19T18:40:01.674Z] Checked if tokens are valid: true, expires at: 1768849227567
[debug] [2026-01-19T18:40:01.675Z] >>> [apiv2][query] GET https://cloudfunctions.googleapis.com/v2/projects/gold-rush-2025/locations/us-central1/operations/operation-1768848001407-648c204c918d0-6c8b4e06-edac57d3 [none]
[debug] [2026-01-19T18:40:01.704Z] <<< [apiv2][status] DELETE https://cloudfunctions.googleapis.com/v2/projects/gold-rush-2025/locations/us-central1/functions/goldLagbeApi 200
[debug] [2026-01-19T18:40:01.704Z] <<< [apiv2][body] DELETE https://cloudfunctions.googleapis.com/v2/projects/gold-rush-2025/locations/us-central1/functions/goldLagbeApi {"name":"projects/gold-rush-2025/locations/us-central1/operations/operation-1768848001432-648c204c97a80-384428af-25f991d9","metadata":{"@type":"type.googleapis.com/google.cloud.functions.v2.OperationMetadata","createTime":"2026-01-19T18:40:01.449259094Z","target":"projects/gold-rush-2025/locations/us-central1/functions/goldLagbeApi","verb":"delete","cancelRequested":false,"apiVersion":"v2"},"done":false}
[debug] [2026-01-19T18:40:01.705Z] Checked if tokens are valid: true, expires at: 1768849227567
[debug] [2026-01-19T18:40:01.705Z] Checked if tokens are valid: true, expires at: 1768849227567
[debug] [2026-01-19T18:40:01.705Z] >>> [apiv2][query] GET https://cloudfunctions.googleapis.com/v2/projects/gold-rush-2025/locations/us-central1/operations/operation-1768848001432-648c204c97a80-384428af-25f991d9 [none]
[debug] [2026-01-19T18:40:02.066Z] <<< [apiv2][status] POST https://cloudfunctions.googleapis.com/v2/projects/gold-rush-2025/locations/us-central1/functions 200
[debug] [2026-01-19T18:40:02.066Z] <<< [apiv2][body] POST https://cloudfunctions.googleapis.com/v2/projects/gold-rush-2025/locations/us-central1/functions {"name":"projects/gold-rush-2025/locations/us-central1/operations/operation-1768848001350-648c204c83b83-d9eeb1c8-541ae43a","metadata":{"@type":"type.googleapis.com/google.cloud.functions.v2.OperationMetadata","createTime":"2026-01-19T18:40:01.814776Z","target":"projects/gold-rush-2025/locations/us-central1/functions/goldrushApi","verb":"create","cancelRequested":false,"apiVersion":"v2"},"done":false}
[debug] [2026-01-19T18:40:02.066Z] Checked if tokens are valid: true, expires at: 1768849227567
[debug] [2026-01-19T18:40:02.067Z] Checked if tokens are valid: true, expires at: 1768849227567
[debug] [2026-01-19T18:40:02.067Z] >>> [apiv2][query] GET https://cloudfunctions.googleapis.com/v2/projects/gold-rush-2025/locations/us-central1/operations/operation-1768848001350-648c204c83b83-d9eeb1c8-541ae43a [none]
[debug] [2026-01-19T18:40:02.939Z] <<< [apiv2][status] GET https://cloudfunctions.googleapis.com/v2/projects/gold-rush-2025/locations/us-central1/operations/operation-1768848001432-648c204c97a80-384428af-25f991d9 200
[debug] [2026-01-19T18:40:02.939Z] <<< [apiv2][body] GET https://cloudfunctions.googleapis.com/v2/projects/gold-rush-2025/locations/us-central1/operations/operation-1768848001432-648c204c97a80-384428af-25f991d9 {"name":"projects/gold-rush-2025/locations/us-central1/operations/operation-1768848001432-648c204c97a80-384428af-25f991d9","metadata":{"@type":"type.googleapis.com/google.cloud.functions.v2.OperationMetadata","createTime":"2026-01-19T18:40:01.449259094Z","target":"projects/gold-rush-2025/locations/us-central1/functions/goldLagbeApi","verb":"delete","cancelRequested":false,"apiVersion":"v2","requestResource":{"@type":"type.googleapis.com/google.cloud.functions.v2.Function","name":"projects/gold-rush-2025/locations/us-central1/functions/goldLagbeApi","environment":"GEN_2"},"stages":[{"name":"ARTIFACT_REGISTRY","state":"NOT_STARTED"},{"name":"SERVICE","message":"Deleting Cloud Run service","state":"IN_PROGRESS","resource":"projects/gold-rush-2025/locations/us-central1/services/goldlagbeapi"}],"operationType":"DELETE_FUNCTION"},"done":false}
[debug] [2026-01-19T18:40:02.968Z] <<< [apiv2][status] GET https://cloudfunctions.googleapis.com/v2/projects/gold-rush-2025/locations/us-central1/operations/operation-1768848001407-648c204c918d0-6c8b4e06-edac57d3 200
[debug] [2026-01-19T18:40:02.969Z] <<< [apiv2][body] GET https://cloudfunctions.googleapis.com/v2/projects/gold-rush-2025/locations/us-central1/operations/operation-1768848001407-648c204c918d0-6c8b4e06-edac57d3 {"name":"projects/gold-rush-2025/locations/us-central1/operations/operation-1768848001407-648c204c918d0-6c8b4e06-edac57d3","metadata":{"@type":"type.googleapis.com/google.cloud.functions.v2.OperationMetadata","createTime":"2026-01-19T18:40:01.422546708Z","target":"projects/gold-rush-2025/locations/us-central1/functions/api","verb":"delete","cancelRequested":false,"apiVersion":"v2","requestResource":{"@type":"type.googleapis.com/google.cloud.functions.v2.Function","name":"projects/gold-rush-2025/locations/us-central1/functions/api","environment":"GEN_2"},"stages":[{"name":"ARTIFACT_REGISTRY","state":"NOT_STARTED"},{"name":"SERVICE","message":"Deleting Cloud Run service","state":"IN_PROGRESS","resource":"projects/gold-rush-2025/locations/us-central1/services/api"}],"operationType":"DELETE_FUNCTION"},"done":false}
[debug] [2026-01-19T18:40:03.291Z] <<< [apiv2][status] GET https://cloudfunctions.googleapis.com/v2/projects/gold-rush-2025/locations/us-central1/operations/operation-1768848001350-648c204c83b83-d9eeb1c8-541ae43a 200
[debug] [2026-01-19T18:40:03.291Z] <<< [apiv2][body] GET https://cloudfunctions.googleapis.com/v2/projects/gold-rush-2025/locations/us-central1/operations/operation-1768848001350-648c204c83b83-d9eeb1c8-541ae43a {"name":"projects/gold-rush-2025/locations/us-central1/operations/operation-1768848001350-648c204c83b83-d9eeb1c8-541ae43a","metadata":{"@type":"type.googleapis.com/google.cloud.functions.v2.OperationMetadata","createTime":"2026-01-19T18:40:01.814776Z","target":"projects/gold-rush-2025/locations/us-central1/functions/goldrushApi","verb":"create","cancelRequested":false,"apiVersion":"v2","requestResource":{"@type":"type.googleapis.com/google.cloud.functions.v2.Function","name":"projects/gold-rush-2025/locations/us-central1/functions/goldrushApi","buildConfig":{"runtime":"nodejs20","entryPoint":"goldrushApi","source":{"storageSource":{"bucket":"gcf-v2-sources-577579480262-us-central1","object":"goldrushApi/function-source.zip","generation":"1768848001587922"}},"environmentVariables":{"GOOGLE_NODE_RUN_SCRIPTS":""},"serviceAccount":"projects/gold-rush-2025/serviceAccounts/577579480262-compute@developer.gserviceaccount.com","automaticUpdatePolicy":{}},"serviceConfig":{"service":"projects/gold-rush-2025/locations/us-central1/services/goldrushapi","timeoutSeconds":60,"environmentVariables":{"DB_USER":"sqlserver","DB_PASSWORD":"gold-rush-db","DB_HOST":"136.111.185.167","DB_PORT":"1433","DB_NAME":"gold_rush_main","STORE_ID":"certi6925618cc270e","STORE_PASSWORD":"certi6925618cc270e@ssl","IS_LIVE":"false","FIREBASE_CONFIG":"{\"projectId\":\"gold-rush-2025\",\"storageBucket\":\"gold-rush-2025.firebasestorage.app\"}","GCLOUD_PROJECT":"gold-rush-2025","EVENTARC_CLOUD_EVENT_SOURCE":"projects/gold-rush-2025/locations/us-central1/services/goldrushApi","FUNCTION_TARGET":"goldrushApi","LOG_EXECUTION_ID":"true"},"ingressSettings":"ALLOW_ALL","serviceAccountEmail":"577579480262-compute@developer.gserviceaccount.com","availableMemory":"256Mi","maxInstanceRequestConcurrency":80,"availableCpu":"1"},"labels":{"deployment-tool":"cli-firebase","firebase-functions-hash":"1e6df9630b209d9c64bd4b581adef1dfd25170c4"},"environment":"GEN_2"},"stages":[{"name":"BUILD","message":"Build in progress","state":"IN_PROGRESS","resource":"projects/577579480262/locations/us-central1/builds/041385e0-8183-4316-9da9-5d8cdf4818cf","resourceUri":"https://console.cloud.google.com/cloud-build/builds;region=us-central1/041385e0-8183-4316-9da9-5d8cdf4818cf?project=577579480262"},{"name":"SERVICE","state":"NOT_STARTED"}],"operationType":"CREATE_FUNCTION","buildName":"projects/577579480262/locations/us-central1/builds/041385e0-8183-4316-9da9-5d8cdf4818cf"},"done":false}
[debug] [2026-01-19T18:40:03.447Z] [delete-default-us-central1-goldLagbeApi] Retrying task index 0
[debug] [2026-01-19T18:40:03.447Z] Checked if tokens are valid: true, expires at: 1768849227567
[debug] [2026-01-19T18:40:03.447Z] Checked if tokens are valid: true, expires at: 1768849227567
[debug] [2026-01-19T18:40:03.448Z] >>> [apiv2][query] GET https://cloudfunctions.googleapis.com/v2/projects/gold-rush-2025/locations/us-central1/operations/operation-1768848001432-648c204c97a80-384428af-25f991d9 [none]
[debug] [2026-01-19T18:40:03.479Z] [delete-default-us-central1-api] Retrying task index 0
[debug] [2026-01-19T18:40:03.479Z] Checked if tokens are valid: true, expires at: 1768849227567
[debug] [2026-01-19T18:40:03.479Z] Checked if tokens are valid: true, expires at: 1768849227567
[debug] [2026-01-19T18:40:03.480Z] >>> [apiv2][query] GET https://cloudfunctions.googleapis.com/v2/projects/gold-rush-2025/locations/us-central1/operations/operation-1768848001407-648c204c918d0-6c8b4e06-edac57d3 [none]
[debug] [2026-01-19T18:40:03.801Z] [create-default-us-central1-goldrushApi] Retrying task index 0
[debug] [2026-01-19T18:40:03.802Z] Checked if tokens are valid: true, expires at: 1768849227567
[debug] [2026-01-19T18:40:03.802Z] Checked if tokens are valid: true, expires at: 1768849227567
[debug] [2026-01-19T18:40:03.802Z] >>> [apiv2][query] GET https://cloudfunctions.googleapis.com/v2/projects/gold-rush-2025/locations/us-central1/operations/operation-1768848001350-648c204c83b83-d9eeb1c8-541ae43a [none]
[debug] [2026-01-19T18:40:04.742Z] <<< [apiv2][status] GET https://cloudfunctions.googleapis.com/v2/projects/gold-rush-2025/locations/us-central1/operations/operation-1768848001432-648c204c97a80-384428af-25f991d9 200
[debug] [2026-01-19T18:40:04.742Z] <<< [apiv2][body] GET https://cloudfunctions.googleapis.com/v2/projects/gold-rush-2025/locations/us-central1/operations/operation-1768848001432-648c204c97a80-384428af-25f991d9 {"name":"projects/gold-rush-2025/locations/us-central1/operations/operation-1768848001432-648c204c97a80-384428af-25f991d9","metadata":{"@type":"type.googleapis.com/google.cloud.functions.v2.OperationMetadata","createTime":"2026-01-19T18:40:01.449259094Z","endTime":"2026-01-19T18:40:04.458642243Z","target":"projects/gold-rush-2025/locations/us-central1/functions/goldLagbeApi","verb":"delete","cancelRequested":false,"apiVersion":"v2","requestResource":{"@type":"type.googleapis.com/google.cloud.functions.v2.Function","name":"projects/gold-rush-2025/locations/us-central1/functions/goldLagbeApi","environment":"GEN_2"},"stages":[{"name":"ARTIFACT_REGISTRY","message":"Deleting function artifacts in Artifact Registry","state":"COMPLETE"},{"name":"SERVICE","message":"Deleting Cloud Run service","state":"COMPLETE","resource":"projects/gold-rush-2025/locations/us-central1/services/goldlagbeapi"}],"operationType":"DELETE_FUNCTION"},"done":true,"response":{"@type":"type.googleapis.com/google.protobuf.Empty"}}
[info] +  functions[goldLagbeApi(us-central1)] Successful delete operation. 
[debug] [2026-01-19T18:40:04.773Z] <<< [apiv2][status] GET https://cloudfunctions.googleapis.com/v2/projects/gold-rush-2025/locations/us-central1/operations/operation-1768848001407-648c204c918d0-6c8b4e06-edac57d3 200
[debug] [2026-01-19T18:40:04.773Z] <<< [apiv2][body] GET https://cloudfunctions.googleapis.com/v2/projects/gold-rush-2025/locations/us-central1/operations/operation-1768848001407-648c204c918d0-6c8b4e06-edac57d3 {"name":"projects/gold-rush-2025/locations/us-central1/operations/operation-1768848001407-648c204c918d0-6c8b4e06-edac57d3","metadata":{"@type":"type.googleapis.com/google.cloud.functions.v2.OperationMetadata","createTime":"2026-01-19T18:40:01.422546708Z","target":"projects/gold-rush-2025/locations/us-central1/functions/api","verb":"delete","cancelRequested":false,"apiVersion":"v2","requestResource":{"@type":"type.googleapis.com/google.cloud.functions.v2.Function","name":"projects/gold-rush-2025/locations/us-central1/functions/api","environment":"GEN_2"},"stages":[{"name":"ARTIFACT_REGISTRY","message":"Deleting function artifacts in Artifact Registry","state":"IN_PROGRESS"},{"name":"SERVICE","message":"Deleting Cloud Run service","state":"COMPLETE","resource":"projects/gold-rush-2025/locations/us-central1/services/api"}],"operationType":"DELETE_FUNCTION"},"done":false}
[debug] [2026-01-19T18:40:05.093Z] <<< [apiv2][status] GET https://cloudfunctions.googleapis.com/v2/projects/gold-rush-2025/locations/us-central1/operations/operation-1768848001350-648c204c83b83-d9eeb1c8-541ae43a 200
[debug] [2026-01-19T18:40:05.093Z] <<< [apiv2][body] GET https://cloudfunctions.googleapis.com/v2/projects/gold-rush-2025/locations/us-central1/operations/operation-1768848001350-648c204c83b83-d9eeb1c8-541ae43a {"name":"projects/gold-rush-2025/locations/us-central1/operations/operation-1768848001350-648c204c83b83-d9eeb1c8-541ae43a","metadata":{"@type":"type.googleapis.com/google.cloud.functions.v2.OperationMetadata","createTime":"2026-01-19T18:40:01.814776Z","target":"projects/gold-rush-2025/locations/us-central1/functions/goldrushApi","verb":"create","cancelRequested":false,"apiVersion":"v2","requestResource":{"@type":"type.googleapis.com/google.cloud.functions.v2.Function","name":"projects/gold-rush-2025/locations/us-central1/functions/goldrushApi","buildConfig":{"runtime":"nodejs20","entryPoint":"goldrushApi","source":{"storageSource":{"bucket":"gcf-v2-sources-577579480262-us-central1","object":"goldrushApi/function-source.zip","generation":"1768848001587922"}},"environmentVariables":{"GOOGLE_NODE_RUN_SCRIPTS":""},"serviceAccount":"projects/gold-rush-2025/serviceAccounts/577579480262-compute@developer.gserviceaccount.com","automaticUpdatePolicy":{}},"serviceConfig":{"service":"projects/gold-rush-2025/locations/us-central1/services/goldrushapi","timeoutSeconds":60,"environmentVariables":{"DB_USER":"sqlserver","DB_PASSWORD":"gold-rush-db","DB_HOST":"136.111.185.167","DB_PORT":"1433","DB_NAME":"gold_rush_main","STORE_ID":"certi6925618cc270e","STORE_PASSWORD":"certi6925618cc270e@ssl","IS_LIVE":"false","FIREBASE_CONFIG":"{\"projectId\":\"gold-rush-2025\",\"storageBucket\":\"gold-rush-2025.firebasestorage.app\"}","GCLOUD_PROJECT":"gold-rush-2025","EVENTARC_CLOUD_EVENT_SOURCE":"projects/gold-rush-2025/locations/us-central1/services/goldrushApi","FUNCTION_TARGET":"goldrushApi","LOG_EXECUTION_ID":"true"},"ingressSettings":"ALLOW_ALL","serviceAccountEmail":"577579480262-compute@developer.gserviceaccount.com","availableMemory":"256Mi","maxInstanceRequestConcurrency":80,"availableCpu":"1"},"labels":{"deployment-tool":"cli-firebase","firebase-functions-hash":"1e6df9630b209d9c64bd4b581adef1dfd25170c4"},"environment":"GEN_2"},"stages":[{"name":"BUILD","message":"Build in progress","state":"IN_PROGRESS","resource":"projects/577579480262/locations/us-central1/builds/041385e0-8183-4316-9da9-5d8cdf4818cf","resourceUri":"https://console.cloud.google.com/cloud-build/builds;region=us-central1/041385e0-8183-4316-9da9-5d8cdf4818cf?project=577579480262"},{"name":"SERVICE","state":"NOT_STARTED"}],"operationType":"CREATE_FUNCTION","buildName":"projects/577579480262/locations/us-central1/builds/041385e0-8183-4316-9da9-5d8cdf4818cf"},"done":false}
[debug] [2026-01-19T18:40:05.775Z] [delete-default-us-central1-api] Retrying task index 0
[debug] [2026-01-19T18:40:05.775Z] Checked if tokens are valid: true, expires at: 1768849227567
[debug] [2026-01-19T18:40:05.775Z] Checked if tokens are valid: true, expires at: 1768849227567
[debug] [2026-01-19T18:40:05.775Z] >>> [apiv2][query] GET https://cloudfunctions.googleapis.com/v2/projects/gold-rush-2025/locations/us-central1/operations/operation-1768848001407-648c204c918d0-6c8b4e06-edac57d3 [none]
[debug] [2026-01-19T18:40:06.102Z] [create-default-us-central1-goldrushApi] Retrying task index 0
[debug] [2026-01-19T18:40:06.103Z] Checked if tokens are valid: true, expires at: 1768849227567
[debug] [2026-01-19T18:40:06.103Z] Checked if tokens are valid: true, expires at: 1768849227567
[debug] [2026-01-19T18:40:06.103Z] >>> [apiv2][query] GET https://cloudfunctions.googleapis.com/v2/projects/gold-rush-2025/locations/us-central1/operations/operation-1768848001350-648c204c83b83-d9eeb1c8-541ae43a [none]
[debug] [2026-01-19T18:40:07.100Z] <<< [apiv2][status] GET https://cloudfunctions.googleapis.com/v2/projects/gold-rush-2025/locations/us-central1/operations/operation-1768848001407-648c204c918d0-6c8b4e06-edac57d3 200
[debug] [2026-01-19T18:40:07.101Z] <<< [apiv2][body] GET https://cloudfunctions.googleapis.com/v2/projects/gold-rush-2025/locations/us-central1/operations/operation-1768848001407-648c204c918d0-6c8b4e06-edac57d3 {"name":"projects/gold-rush-2025/locations/us-central1/operations/operation-1768848001407-648c204c918d0-6c8b4e06-edac57d3","metadata":{"@type":"type.googleapis.com/google.cloud.functions.v2.OperationMetadata","createTime":"2026-01-19T18:40:01.422546708Z","endTime":"2026-01-19T18:40:04.716829228Z","target":"projects/gold-rush-2025/locations/us-central1/functions/api","verb":"delete","cancelRequested":false,"apiVersion":"v2","requestResource":{"@type":"type.googleapis.com/google.cloud.functions.v2.Function","name":"projects/gold-rush-2025/locations/us-central1/functions/api","environment":"GEN_2"},"stages":[{"name":"ARTIFACT_REGISTRY","message":"Deleting function artifacts in Artifact Registry","state":"COMPLETE"},{"name":"SERVICE","message":"Deleting Cloud Run service","state":"COMPLETE","resource":"projects/gold-rush-2025/locations/us-central1/services/api"}],"operationType":"DELETE_FUNCTION"},"done":true,"response":{"@type":"type.googleapis.com/google.protobuf.Empty"}}
[info] +  functions[api(us-central1)] Successful delete operation. 
[debug] [2026-01-19T18:40:07.384Z] <<< [apiv2][status] GET https://cloudfunctions.googleapis.com/v2/projects/gold-rush-2025/locations/us-central1/operations/operation-1768848001350-648c204c83b83-d9eeb1c8-541ae43a 200
[debug] [2026-01-19T18:40:07.385Z] <<< [apiv2][body] GET https://cloudfunctions.googleapis.com/v2/projects/gold-rush-2025/locations/us-central1/operations/operation-1768848001350-648c204c83b83-d9eeb1c8-541ae43a {"name":"projects/gold-rush-2025/locations/us-central1/operations/operation-1768848001350-648c204c83b83-d9eeb1c8-541ae43a","metadata":{"@type":"type.googleapis.com/google.cloud.functions.v2.OperationMetadata","createTime":"2026-01-19T18:40:01.814776Z","target":"projects/gold-rush-2025/locations/us-central1/functions/goldrushApi","verb":"create","cancelRequested":false,"apiVersion":"v2","requestResource":{"@type":"type.googleapis.com/google.cloud.functions.v2.Function","name":"projects/gold-rush-2025/locations/us-central1/functions/goldrushApi","buildConfig":{"runtime":"nodejs20","entryPoint":"goldrushApi","source":{"storageSource":{"bucket":"gcf-v2-sources-577579480262-us-central1","object":"goldrushApi/function-source.zip","generation":"1768848001587922"}},"environmentVariables":{"GOOGLE_NODE_RUN_SCRIPTS":""},"serviceAccount":"projects/gold-rush-2025/serviceAccounts/577579480262-compute@developer.gserviceaccount.com","automaticUpdatePolicy":{}},"serviceConfig":{"service":"projects/gold-rush-2025/locations/us-central1/services/goldrushapi","timeoutSeconds":60,"environmentVariables":{"DB_USER":"sqlserver","DB_PASSWORD":"gold-rush-db","DB_HOST":"136.111.185.167","DB_PORT":"1433","DB_NAME":"gold_rush_main","STORE_ID":"certi6925618cc270e","STORE_PASSWORD":"certi6925618cc270e@ssl","IS_LIVE":"false","FIREBASE_CONFIG":"{\"projectId\":\"gold-rush-2025\",\"storageBucket\":\"gold-rush-2025.firebasestorage.app\"}","GCLOUD_PROJECT":"gold-rush-2025","EVENTARC_CLOUD_EVENT_SOURCE":"projects/gold-rush-2025/locations/us-central1/services/goldrushApi","FUNCTION_TARGET":"goldrushApi","LOG_EXECUTION_ID":"true"},"ingressSettings":"ALLOW_ALL","serviceAccountEmail":"577579480262-compute@developer.gserviceaccount.com","availableMemory":"256Mi","maxInstanceRequestConcurrency":80,"availableCpu":"1"},"labels":{"deployment-tool":"cli-firebase","firebase-functions-hash":"1e6df9630b209d9c64bd4b581adef1dfd25170c4"},"environment":"GEN_2"},"stages":[{"name":"BUILD","message":"Build in progress","state":"IN_PROGRESS","resource":"projects/577579480262/locations/us-central1/builds/041385e0-8183-4316-9da9-5d8cdf4818cf","resourceUri":"https://console.cloud.google.com/cloud-build/builds;region=us-central1/041385e0-8183-4316-9da9-5d8cdf4818cf?project=577579480262"},{"name":"SERVICE","state":"NOT_STARTED"}],"operationType":"CREATE_FUNCTION","buildName":"projects/577579480262/locations/us-central1/builds/041385e0-8183-4316-9da9-5d8cdf4818cf"},"done":false}
[debug] [2026-01-19T18:40:09.393Z] [create-default-us-central1-goldrushApi] Retrying task index 0
[debug] [2026-01-19T18:40:09.393Z] Checked if tokens are valid: true, expires at: 1768849227567
[debug] [2026-01-19T18:40:09.393Z] Checked if tokens are valid: true, expires at: 1768849227567
[debug] [2026-01-19T18:40:09.394Z] >>> [apiv2][query] GET https://cloudfunctions.googleapis.com/v2/projects/gold-rush-2025/locations/us-central1/operations/operation-1768848001350-648c204c83b83-d9eeb1c8-541ae43a [none]
[debug] [2026-01-19T18:40:10.621Z] <<< [apiv2][status] GET https://cloudfunctions.googleapis.com/v2/projects/gold-rush-2025/locations/us-central1/operations/operation-1768848001350-648c204c83b83-d9eeb1c8-541ae43a 200
[debug] [2026-01-19T18:40:10.621Z] <<< [apiv2][body] GET https://cloudfunctions.googleapis.com/v2/projects/gold-rush-2025/locations/us-central1/operations/operation-1768848001350-648c204c83b83-d9eeb1c8-541ae43a {"name":"projects/gold-rush-2025/locations/us-central1/operations/operation-1768848001350-648c204c83b83-d9eeb1c8-541ae43a","metadata":{"@type":"type.googleapis.com/google.cloud.functions.v2.OperationMetadata","createTime":"2026-01-19T18:40:01.814776Z","target":"projects/gold-rush-2025/locations/us-central1/functions/goldrushApi","verb":"create","cancelRequested":false,"apiVersion":"v2","requestResource":{"@type":"type.googleapis.com/google.cloud.functions.v2.Function","name":"projects/gold-rush-2025/locations/us-central1/functions/goldrushApi","buildConfig":{"runtime":"nodejs20","entryPoint":"goldrushApi","source":{"storageSource":{"bucket":"gcf-v2-sources-577579480262-us-central1","object":"goldrushApi/function-source.zip","generation":"1768848001587922"}},"environmentVariables":{"GOOGLE_NODE_RUN_SCRIPTS":""},"serviceAccount":"projects/gold-rush-2025/serviceAccounts/577579480262-compute@developer.gserviceaccount.com","automaticUpdatePolicy":{}},"serviceConfig":{"service":"projects/gold-rush-2025/locations/us-central1/services/goldrushapi","timeoutSeconds":60,"environmentVariables":{"DB_USER":"sqlserver","DB_PASSWORD":"gold-rush-db","DB_HOST":"136.111.185.167","DB_PORT":"1433","DB_NAME":"gold_rush_main","STORE_ID":"certi6925618cc270e","STORE_PASSWORD":"certi6925618cc270e@ssl","IS_LIVE":"false","FIREBASE_CONFIG":"{\"projectId\":\"gold-rush-2025\",\"storageBucket\":\"gold-rush-2025.firebasestorage.app\"}","GCLOUD_PROJECT":"gold-rush-2025","EVENTARC_CLOUD_EVENT_SOURCE":"projects/gold-rush-2025/locations/us-central1/services/goldrushApi","FUNCTION_TARGET":"goldrushApi","LOG_EXECUTION_ID":"true"},"ingressSettings":"ALLOW_ALL","serviceAccountEmail":"577579480262-compute@developer.gserviceaccount.com","availableMemory":"256Mi","maxInstanceRequestConcurrency":80,"availableCpu":"1"},"labels":{"deployment-tool":"cli-firebase","firebase-functions-hash":"1e6df9630b209d9c64bd4b581adef1dfd25170c4"},"environment":"GEN_2"},"stages":[{"name":"BUILD","message":"Build in progress","state":"IN_PROGRESS","resource":"projects/577579480262/locations/us-central1/builds/041385e0-8183-4316-9da9-5d8cdf4818cf","resourceUri":"https://console.cloud.google.com/cloud-build/builds;region=us-central1/041385e0-8183-4316-9da9-5d8cdf4818cf?project=577579480262"},{"name":"SERVICE","state":"NOT_STARTED"}],"operationType":"CREATE_FUNCTION","buildName":"projects/577579480262/locations/us-central1/builds/041385e0-8183-4316-9da9-5d8cdf4818cf"},"done":false}
[debug] [2026-01-19T18:40:14.632Z] [create-default-us-central1-goldrushApi] Retrying task index 0
[debug] [2026-01-19T18:40:14.633Z] Checked if tokens are valid: true, expires at: 1768849227567
[debug] [2026-01-19T18:40:14.633Z] Checked if tokens are valid: true, expires at: 1768849227567
[debug] [2026-01-19T18:40:14.633Z] >>> [apiv2][query] GET https://cloudfunctions.googleapis.com/v2/projects/gold-rush-2025/locations/us-central1/operations/operation-1768848001350-648c204c83b83-d9eeb1c8-541ae43a [none]
[debug] [2026-01-19T18:40:15.878Z] <<< [apiv2][status] GET https://cloudfunctions.googleapis.com/v2/projects/gold-rush-2025/locations/us-central1/operations/operation-1768848001350-648c204c83b83-d9eeb1c8-541ae43a 200
[debug] [2026-01-19T18:40:15.878Z] <<< [apiv2][body] GET https://cloudfunctions.googleapis.com/v2/projects/gold-rush-2025/locations/us-central1/operations/operation-1768848001350-648c204c83b83-d9eeb1c8-541ae43a {"name":"projects/gold-rush-2025/locations/us-central1/operations/operation-1768848001350-648c204c83b83-d9eeb1c8-541ae43a","metadata":{"@type":"type.googleapis.com/google.cloud.functions.v2.OperationMetadata","createTime":"2026-01-19T18:40:01.814776Z","target":"projects/gold-rush-2025/locations/us-central1/functions/goldrushApi","verb":"create","cancelRequested":false,"apiVersion":"v2","requestResource":{"@type":"type.googleapis.com/google.cloud.functions.v2.Function","name":"projects/gold-rush-2025/locations/us-central1/functions/goldrushApi","buildConfig":{"runtime":"nodejs20","entryPoint":"goldrushApi","source":{"storageSource":{"bucket":"gcf-v2-sources-577579480262-us-central1","object":"goldrushApi/function-source.zip","generation":"1768848001587922"}},"environmentVariables":{"GOOGLE_NODE_RUN_SCRIPTS":""},"serviceAccount":"projects/gold-rush-2025/serviceAccounts/577579480262-compute@developer.gserviceaccount.com","automaticUpdatePolicy":{}},"serviceConfig":{"service":"projects/gold-rush-2025/locations/us-central1/services/goldrushapi","timeoutSeconds":60,"environmentVariables":{"DB_USER":"sqlserver","DB_PASSWORD":"gold-rush-db","DB_HOST":"136.111.185.167","DB_PORT":"1433","DB_NAME":"gold_rush_main","STORE_ID":"certi6925618cc270e","STORE_PASSWORD":"certi6925618cc270e@ssl","IS_LIVE":"false","FIREBASE_CONFIG":"{\"projectId\":\"gold-rush-2025\",\"storageBucket\":\"gold-rush-2025.firebasestorage.app\"}","GCLOUD_PROJECT":"gold-rush-2025","EVENTARC_CLOUD_EVENT_SOURCE":"projects/gold-rush-2025/locations/us-central1/services/goldrushApi","FUNCTION_TARGET":"goldrushApi","LOG_EXECUTION_ID":"true"},"ingressSettings":"ALLOW_ALL","serviceAccountEmail":"577579480262-compute@developer.gserviceaccount.com","availableMemory":"256Mi","maxInstanceRequestConcurrency":80,"availableCpu":"1"},"labels":{"deployment-tool":"cli-firebase","firebase-functions-hash":"1e6df9630b209d9c64bd4b581adef1dfd25170c4"},"environment":"GEN_2"},"stages":[{"name":"BUILD","message":"Build in progress","state":"IN_PROGRESS","resource":"projects/577579480262/locations/us-central1/builds/041385e0-8183-4316-9da9-5d8cdf4818cf","resourceUri":"https://console.cloud.google.com/cloud-build/builds;region=us-central1/041385e0-8183-4316-9da9-5d8cdf4818cf?project=577579480262"},{"name":"SERVICE","state":"NOT_STARTED"}],"operationType":"CREATE_FUNCTION","buildName":"projects/577579480262/locations/us-central1/builds/041385e0-8183-4316-9da9-5d8cdf4818cf"},"done":false}
[debug] [2026-01-19T18:40:23.885Z] [create-default-us-central1-goldrushApi] Retrying task index 0
[debug] [2026-01-19T18:40:23.885Z] Checked if tokens are valid: true, expires at: 1768849227567
[debug] [2026-01-19T18:40:23.885Z] Checked if tokens are valid: true, expires at: 1768849227567
[debug] [2026-01-19T18:40:23.885Z] >>> [apiv2][query] GET https://cloudfunctions.googleapis.com/v2/projects/gold-rush-2025/locations/us-central1/operations/operation-1768848001350-648c204c83b83-d9eeb1c8-541ae43a [none]
[debug] [2026-01-19T18:40:25.214Z] <<< [apiv2][status] GET https://cloudfunctions.googleapis.com/v2/projects/gold-rush-2025/locations/us-central1/operations/operation-1768848001350-648c204c83b83-d9eeb1c8-541ae43a 200
[debug] [2026-01-19T18:40:25.215Z] <<< [apiv2][body] GET https://cloudfunctions.googleapis.com/v2/projects/gold-rush-2025/locations/us-central1/operations/operation-1768848001350-648c204c83b83-d9eeb1c8-541ae43a {"name":"projects/gold-rush-2025/locations/us-central1/operations/operation-1768848001350-648c204c83b83-d9eeb1c8-541ae43a","metadata":{"@type":"type.googleapis.com/google.cloud.functions.v2.OperationMetadata","createTime":"2026-01-19T18:40:01.814776Z","target":"projects/gold-rush-2025/locations/us-central1/functions/goldrushApi","verb":"create","cancelRequested":false,"apiVersion":"v2","requestResource":{"@type":"type.googleapis.com/google.cloud.functions.v2.Function","name":"projects/gold-rush-2025/locations/us-central1/functions/goldrushApi","buildConfig":{"runtime":"nodejs20","entryPoint":"goldrushApi","source":{"storageSource":{"bucket":"gcf-v2-sources-577579480262-us-central1","object":"goldrushApi/function-source.zip","generation":"1768848001587922"}},"environmentVariables":{"GOOGLE_NODE_RUN_SCRIPTS":""},"serviceAccount":"projects/gold-rush-2025/serviceAccounts/577579480262-compute@developer.gserviceaccount.com","automaticUpdatePolicy":{}},"serviceConfig":{"service":"projects/gold-rush-2025/locations/us-central1/services/goldrushapi","timeoutSeconds":60,"environmentVariables":{"DB_USER":"sqlserver","DB_PASSWORD":"gold-rush-db","DB_HOST":"136.111.185.167","DB_PORT":"1433","DB_NAME":"gold_rush_main","STORE_ID":"certi6925618cc270e","STORE_PASSWORD":"certi6925618cc270e@ssl","IS_LIVE":"false","FIREBASE_CONFIG":"{\"projectId\":\"gold-rush-2025\",\"storageBucket\":\"gold-rush-2025.firebasestorage.app\"}","GCLOUD_PROJECT":"gold-rush-2025","EVENTARC_CLOUD_EVENT_SOURCE":"projects/gold-rush-2025/locations/us-central1/services/goldrushApi","FUNCTION_TARGET":"goldrushApi","LOG_EXECUTION_ID":"true"},"ingressSettings":"ALLOW_ALL","serviceAccountEmail":"577579480262-compute@developer.gserviceaccount.com","availableMemory":"256Mi","maxInstanceRequestConcurrency":80,"availableCpu":"1"},"labels":{"deployment-tool":"cli-firebase","firebase-functions-hash":"1e6df9630b209d9c64bd4b581adef1dfd25170c4"},"environment":"GEN_2"},"stages":[{"name":"BUILD","message":"Build in progress","state":"IN_PROGRESS","resource":"projects/577579480262/locations/us-central1/builds/041385e0-8183-4316-9da9-5d8cdf4818cf","resourceUri":"https://console.cloud.google.com/cloud-build/builds;region=us-central1/041385e0-8183-4316-9da9-5d8cdf4818cf?project=577579480262"},{"name":"SERVICE","state":"NOT_STARTED"}],"operationType":"CREATE_FUNCTION","buildName":"projects/577579480262/locations/us-central1/builds/041385e0-8183-4316-9da9-5d8cdf4818cf"},"done":false}
[debug] [2026-01-19T18:40:35.222Z] [create-default-us-central1-goldrushApi] Retrying task index 0
[debug] [2026-01-19T18:40:35.223Z] Checked if tokens are valid: true, expires at: 1768849227567
[debug] [2026-01-19T18:40:35.223Z] Checked if tokens are valid: true, expires at: 1768849227567
[debug] [2026-01-19T18:40:35.223Z] >>> [apiv2][query] GET https://cloudfunctions.googleapis.com/v2/projects/gold-rush-2025/locations/us-central1/operations/operation-1768848001350-648c204c83b83-d9eeb1c8-541ae43a [none]
[debug] [2026-01-19T18:40:36.587Z] <<< [apiv2][status] GET https://cloudfunctions.googleapis.com/v2/projects/gold-rush-2025/locations/us-central1/operations/operation-1768848001350-648c204c83b83-d9eeb1c8-541ae43a 200
[debug] [2026-01-19T18:40:36.588Z] <<< [apiv2][body] GET https://cloudfunctions.googleapis.com/v2/projects/gold-rush-2025/locations/us-central1/operations/operation-1768848001350-648c204c83b83-d9eeb1c8-541ae43a {"name":"projects/gold-rush-2025/locations/us-central1/operations/operation-1768848001350-648c204c83b83-d9eeb1c8-541ae43a","metadata":{"@type":"type.googleapis.com/google.cloud.functions.v2.OperationMetadata","createTime":"2026-01-19T18:40:01.814776Z","target":"projects/gold-rush-2025/locations/us-central1/functions/goldrushApi","verb":"create","cancelRequested":false,"apiVersion":"v2","requestResource":{"@type":"type.googleapis.com/google.cloud.functions.v2.Function","name":"projects/gold-rush-2025/locations/us-central1/functions/goldrushApi","buildConfig":{"runtime":"nodejs20","entryPoint":"goldrushApi","source":{"storageSource":{"bucket":"gcf-v2-sources-577579480262-us-central1","object":"goldrushApi/function-source.zip","generation":"1768848001587922"}},"environmentVariables":{"GOOGLE_NODE_RUN_SCRIPTS":""},"serviceAccount":"projects/gold-rush-2025/serviceAccounts/577579480262-compute@developer.gserviceaccount.com","automaticUpdatePolicy":{}},"serviceConfig":{"service":"projects/gold-rush-2025/locations/us-central1/services/goldrushapi","timeoutSeconds":60,"environmentVariables":{"DB_USER":"sqlserver","DB_PASSWORD":"gold-rush-db","DB_HOST":"136.111.185.167","DB_PORT":"1433","DB_NAME":"gold_rush_main","STORE_ID":"certi6925618cc270e","STORE_PASSWORD":"certi6925618cc270e@ssl","IS_LIVE":"false","FIREBASE_CONFIG":"{\"projectId\":\"gold-rush-2025\",\"storageBucket\":\"gold-rush-2025.firebasestorage.app\"}","GCLOUD_PROJECT":"gold-rush-2025","EVENTARC_CLOUD_EVENT_SOURCE":"projects/gold-rush-2025/locations/us-central1/services/goldrushApi","FUNCTION_TARGET":"goldrushApi","LOG_EXECUTION_ID":"true"},"ingressSettings":"ALLOW_ALL","serviceAccountEmail":"577579480262-compute@developer.gserviceaccount.com","availableMemory":"256Mi","maxInstanceRequestConcurrency":80,"availableCpu":"1"},"labels":{"deployment-tool":"cli-firebase","firebase-functions-hash":"1e6df9630b209d9c64bd4b581adef1dfd25170c4"},"environment":"GEN_2"},"stages":[{"name":"BUILD","message":"Build in progress","state":"IN_PROGRESS","resource":"projects/577579480262/locations/us-central1/builds/041385e0-8183-4316-9da9-5d8cdf4818cf","resourceUri":"https://console.cloud.google.com/cloud-build/builds;region=us-central1/041385e0-8183-4316-9da9-5d8cdf4818cf?project=577579480262"},{"name":"SERVICE","state":"NOT_STARTED"}],"operationType":"CREATE_FUNCTION","buildName":"projects/577579480262/locations/us-central1/builds/041385e0-8183-4316-9da9-5d8cdf4818cf"},"done":false}
[debug] [2026-01-19T18:40:46.602Z] [create-default-us-central1-goldrushApi] Retrying task index 0
[debug] [2026-01-19T18:40:46.602Z] Checked if tokens are valid: true, expires at: 1768849227567
[debug] [2026-01-19T18:40:46.603Z] Checked if tokens are valid: true, expires at: 1768849227567
[debug] [2026-01-19T18:40:46.603Z] >>> [apiv2][query] GET https://cloudfunctions.googleapis.com/v2/projects/gold-rush-2025/locations/us-central1/operations/operation-1768848001350-648c204c83b83-d9eeb1c8-541ae43a [none]
[debug] [2026-01-19T18:40:47.915Z] <<< [apiv2][status] GET https://cloudfunctions.googleapis.com/v2/projects/gold-rush-2025/locations/us-central1/operations/operation-1768848001350-648c204c83b83-d9eeb1c8-541ae43a 200
[debug] [2026-01-19T18:40:47.915Z] <<< [apiv2][body] GET https://cloudfunctions.googleapis.com/v2/projects/gold-rush-2025/locations/us-central1/operations/operation-1768848001350-648c204c83b83-d9eeb1c8-541ae43a {"name":"projects/gold-rush-2025/locations/us-central1/operations/operation-1768848001350-648c204c83b83-d9eeb1c8-541ae43a","metadata":{"@type":"type.googleapis.com/google.cloud.functions.v2.OperationMetadata","createTime":"2026-01-19T18:40:01.814776Z","target":"projects/gold-rush-2025/locations/us-central1/functions/goldrushApi","verb":"create","cancelRequested":false,"apiVersion":"v2","requestResource":{"@type":"type.googleapis.com/google.cloud.functions.v2.Function","name":"projects/gold-rush-2025/locations/us-central1/functions/goldrushApi","buildConfig":{"runtime":"nodejs20","entryPoint":"goldrushApi","source":{"storageSource":{"bucket":"gcf-v2-sources-577579480262-us-central1","object":"goldrushApi/function-source.zip","generation":"1768848001587922"}},"environmentVariables":{"GOOGLE_NODE_RUN_SCRIPTS":""},"serviceAccount":"projects/gold-rush-2025/serviceAccounts/577579480262-compute@developer.gserviceaccount.com","automaticUpdatePolicy":{}},"serviceConfig":{"service":"projects/gold-rush-2025/locations/us-central1/services/goldrushapi","timeoutSeconds":60,"environmentVariables":{"DB_USER":"sqlserver","DB_PASSWORD":"gold-rush-db","DB_HOST":"136.111.185.167","DB_PORT":"1433","DB_NAME":"gold_rush_main","STORE_ID":"certi6925618cc270e","STORE_PASSWORD":"certi6925618cc270e@ssl","IS_LIVE":"false","FIREBASE_CONFIG":"{\"projectId\":\"gold-rush-2025\",\"storageBucket\":\"gold-rush-2025.firebasestorage.app\"}","GCLOUD_PROJECT":"gold-rush-2025","EVENTARC_CLOUD_EVENT_SOURCE":"projects/gold-rush-2025/locations/us-central1/services/goldrushApi","FUNCTION_TARGET":"goldrushApi","LOG_EXECUTION_ID":"true"},"ingressSettings":"ALLOW_ALL","serviceAccountEmail":"577579480262-compute@developer.gserviceaccount.com","availableMemory":"256Mi","maxInstanceRequestConcurrency":80,"availableCpu":"1"},"labels":{"deployment-tool":"cli-firebase","firebase-functions-hash":"1e6df9630b209d9c64bd4b581adef1dfd25170c4"},"environment":"GEN_2"},"stages":[{"name":"BUILD","message":"Build in progress","state":"IN_PROGRESS","resource":"projects/577579480262/locations/us-central1/builds/041385e0-8183-4316-9da9-5d8cdf4818cf","resourceUri":"https://console.cloud.google.com/cloud-build/builds;region=us-central1/041385e0-8183-4316-9da9-5d8cdf4818cf?project=577579480262"},{"name":"SERVICE","state":"NOT_STARTED"}],"operationType":"CREATE_FUNCTION","buildName":"projects/577579480262/locations/us-central1/builds/041385e0-8183-4316-9da9-5d8cdf4818cf"},"done":false}
[debug] [2026-01-19T18:40:57.925Z] [create-default-us-central1-goldrushApi] Retrying task index 0
[debug] [2026-01-19T18:40:57.925Z] Checked if tokens are valid: true, expires at: 1768849227567
[debug] [2026-01-19T18:40:57.925Z] Checked if tokens are valid: true, expires at: 1768849227567
[debug] [2026-01-19T18:40:57.926Z] >>> [apiv2][query] GET https://cloudfunctions.googleapis.com/v2/projects/gold-rush-2025/locations/us-central1/operations/operation-1768848001350-648c204c83b83-d9eeb1c8-541ae43a [none]
[debug] [2026-01-19T18:40:59.363Z] <<< [apiv2][status] GET https://cloudfunctions.googleapis.com/v2/projects/gold-rush-2025/locations/us-central1/operations/operation-1768848001350-648c204c83b83-d9eeb1c8-541ae43a 200
[debug] [2026-01-19T18:40:59.363Z] <<< [apiv2][body] GET https://cloudfunctions.googleapis.com/v2/projects/gold-rush-2025/locations/us-central1/operations/operation-1768848001350-648c204c83b83-d9eeb1c8-541ae43a {"name":"projects/gold-rush-2025/locations/us-central1/operations/operation-1768848001350-648c204c83b83-d9eeb1c8-541ae43a","metadata":{"@type":"type.googleapis.com/google.cloud.functions.v2.OperationMetadata","createTime":"2026-01-19T18:40:01.814776Z","target":"projects/gold-rush-2025/locations/us-central1/functions/goldrushApi","verb":"create","cancelRequested":false,"apiVersion":"v2","requestResource":{"@type":"type.googleapis.com/google.cloud.functions.v2.Function","name":"projects/gold-rush-2025/locations/us-central1/functions/goldrushApi","buildConfig":{"runtime":"nodejs20","entryPoint":"goldrushApi","source":{"storageSource":{"bucket":"gcf-v2-sources-577579480262-us-central1","object":"goldrushApi/function-source.zip","generation":"1768848001587922"}},"environmentVariables":{"GOOGLE_NODE_RUN_SCRIPTS":""},"serviceAccount":"projects/gold-rush-2025/serviceAccounts/577579480262-compute@developer.gserviceaccount.com","automaticUpdatePolicy":{}},"serviceConfig":{"service":"projects/gold-rush-2025/locations/us-central1/services/goldrushapi","timeoutSeconds":60,"environmentVariables":{"DB_USER":"sqlserver","DB_PASSWORD":"gold-rush-db","DB_HOST":"136.111.185.167","DB_PORT":"1433","DB_NAME":"gold_rush_main","STORE_ID":"certi6925618cc270e","STORE_PASSWORD":"certi6925618cc270e@ssl","IS_LIVE":"false","FIREBASE_CONFIG":"{\"projectId\":\"gold-rush-2025\",\"storageBucket\":\"gold-rush-2025.firebasestorage.app\"}","GCLOUD_PROJECT":"gold-rush-2025","EVENTARC_CLOUD_EVENT_SOURCE":"projects/gold-rush-2025/locations/us-central1/services/goldrushApi","FUNCTION_TARGET":"goldrushApi","LOG_EXECUTION_ID":"true"},"ingressSettings":"ALLOW_ALL","serviceAccountEmail":"577579480262-compute@developer.gserviceaccount.com","availableMemory":"256Mi","maxInstanceRequestConcurrency":80,"availableCpu":"1"},"labels":{"deployment-tool":"cli-firebase","firebase-functions-hash":"1e6df9630b209d9c64bd4b581adef1dfd25170c4"},"environment":"GEN_2"},"stages":[{"name":"BUILD","message":"Build finished","state":"COMPLETE","resource":"projects/577579480262/locations/us-central1/builds/041385e0-8183-4316-9da9-5d8cdf4818cf","resourceUri":"https://console.cloud.google.com/cloud-build/builds;region=us-central1/041385e0-8183-4316-9da9-5d8cdf4818cf?project=577579480262"},{"name":"SERVICE","message":"Creating Cloud Run service","state":"IN_PROGRESS","resource":"projects/gold-rush-2025/locations/us-central1/services/goldrushapi","resourceUri":"https://console.cloud.google.com/run/detail/us-central1/goldrushapi?project=gold-rush-2025"}],"sourceToken":"Cldwcm9qZWN0cy81Nzc1Nzk0ODAyNjIvbG9jYXRpb25zL3VzLWNlbnRyYWwxL2J1aWxkcy8wNDEzODVlMC04MTgzLTQzMTYtOWRhOS01ZDhjZGY0ODE4Y2YSbnVzLWNlbnRyYWwxLWRvY2tlci5wa2cuZGV2L2dvbGQtcnVzaC0yMDI1L2djZi1hcnRpZmFjdHMvZ29sZC0tcnVzaC0tMjAyNV9fdXMtLWNlbnRyYWwxX19nb2xkcnVzaF9hcGk6dmVyc2lvbl8xGMbprdPnECJDcHJvamVjdHMvZ29sZC1ydXNoLTIwMjUvbG9jYXRpb25zL3VzLWNlbnRyYWwxL2Z1bmN0aW9ucy9nb2xkcnVzaEFwaSoLCLb1ucsGENDHxUQyCG5vZGVqczIwOnYKI2djci5pby9nYWUtcnVudGltZXMvbm9kZWpzMjA6c3RhYmxlEk91cy1jZW50cmFsMS1kb2NrZXIucGtnLmRldi9zZXJ2ZXJsZXNzLXJ1bnRpbWVzL2dvb2dsZS0yMi1mdWxsL3J1bnRpbWVzL25vZGVqczIwQAE=","operationType":"CREATE_FUNCTION","buildName":"projects/577579480262/locations/us-central1/builds/041385e0-8183-4316-9da9-5d8cdf4818cf"},"done":false}
[debug] [2026-01-19T18:40:59.364Z] Got source token Cldwcm9qZWN0cy81Nzc1Nzk0ODAyNjIvbG9jYXRpb25zL3VzLWNlbnRyYWwxL2J1aWxkcy8wNDEzODVlMC04MTgzLTQzMTYtOWRhOS01ZDhjZGY0ODE4Y2YSbnVzLWNlbnRyYWwxLWRvY2tlci5wa2cuZGV2L2dvbGQtcnVzaC0yMDI1L2djZi1hcnRpZmFjdHMvZ29sZC0tcnVzaC0tMjAyNV9fdXMtLWNlbnRyYWwxX19nb2xkcnVzaF9hcGk6dmVyc2lvbl8xGMbprdPnECJDcHJvamVjdHMvZ29sZC1ydXNoLTIwMjUvbG9jYXRpb25zL3VzLWNlbnRyYWwxL2Z1bmN0aW9ucy9nb2xkcnVzaEFwaSoLCLb1ucsGENDHxUQyCG5vZGVqczIwOnYKI2djci5pby9nYWUtcnVudGltZXMvbm9kZWpzMjA6c3RhYmxlEk91cy1jZW50cmFsMS1kb2NrZXIucGtnLmRldi9zZXJ2ZXJsZXNzLXJ1bnRpbWVzL2dvb2dsZS0yMi1mdWxsL3J1bnRpbWVzL25vZGVqczIwQAE= for region us-central1
[debug] [2026-01-19T18:41:09.368Z] [create-default-us-central1-goldrushApi] Retrying task index 0
[debug] [2026-01-19T18:41:09.368Z] Checked if tokens are valid: true, expires at: 1768849227567
[debug] [2026-01-19T18:41:09.368Z] Checked if tokens are valid: true, expires at: 1768849227567
[debug] [2026-01-19T18:41:09.369Z] >>> [apiv2][query] GET https://cloudfunctions.googleapis.com/v2/projects/gold-rush-2025/locations/us-central1/operations/operation-1768848001350-648c204c83b83-d9eeb1c8-541ae43a [none]
[debug] [2026-01-19T18:41:10.693Z] <<< [apiv2][status] GET https://cloudfunctions.googleapis.com/v2/projects/gold-rush-2025/locations/us-central1/operations/operation-1768848001350-648c204c83b83-d9eeb1c8-541ae43a 200
[debug] [2026-01-19T18:41:10.693Z] <<< [apiv2][body] GET https://cloudfunctions.googleapis.com/v2/projects/gold-rush-2025/locations/us-central1/operations/operation-1768848001350-648c204c83b83-d9eeb1c8-541ae43a {"name":"projects/gold-rush-2025/locations/us-central1/operations/operation-1768848001350-648c204c83b83-d9eeb1c8-541ae43a","metadata":{"@type":"type.googleapis.com/google.cloud.functions.v2.OperationMetadata","createTime":"2026-01-19T18:40:01.814776Z","endTime":"2026-01-19T18:41:08.951233652Z","target":"projects/gold-rush-2025/locations/us-central1/functions/goldrushApi","verb":"create","cancelRequested":false,"apiVersion":"v2","requestResource":{"@type":"type.googleapis.com/google.cloud.functions.v2.Function","name":"projects/gold-rush-2025/locations/us-central1/functions/goldrushApi","buildConfig":{"runtime":"nodejs20","entryPoint":"goldrushApi","source":{"storageSource":{"bucket":"gcf-v2-sources-577579480262-us-central1","object":"goldrushApi/function-source.zip","generation":"1768848001587922"}},"environmentVariables":{"GOOGLE_NODE_RUN_SCRIPTS":""},"serviceAccount":"projects/gold-rush-2025/serviceAccounts/577579480262-compute@developer.gserviceaccount.com","automaticUpdatePolicy":{}},"serviceConfig":{"service":"projects/gold-rush-2025/locations/us-central1/services/goldrushapi","timeoutSeconds":60,"environmentVariables":{"DB_USER":"sqlserver","DB_PASSWORD":"gold-rush-db","DB_HOST":"136.111.185.167","DB_PORT":"1433","DB_NAME":"gold_rush_main","STORE_ID":"certi6925618cc270e","STORE_PASSWORD":"certi6925618cc270e@ssl","IS_LIVE":"false","FIREBASE_CONFIG":"{\"projectId\":\"gold-rush-2025\",\"storageBucket\":\"gold-rush-2025.firebasestorage.app\"}","GCLOUD_PROJECT":"gold-rush-2025","EVENTARC_CLOUD_EVENT_SOURCE":"projects/gold-rush-2025/locations/us-central1/services/goldrushApi","FUNCTION_TARGET":"goldrushApi","LOG_EXECUTION_ID":"true"},"ingressSettings":"ALLOW_ALL","serviceAccountEmail":"577579480262-compute@developer.gserviceaccount.com","availableMemory":"256Mi","maxInstanceRequestConcurrency":80,"availableCpu":"1"},"labels":{"deployment-tool":"cli-firebase","firebase-functions-hash":"1e6df9630b209d9c64bd4b581adef1dfd25170c4"},"environment":"GEN_2"},"stages":[{"name":"BUILD","message":"Build finished","state":"COMPLETE","resource":"projects/577579480262/locations/us-central1/builds/041385e0-8183-4316-9da9-5d8cdf4818cf","resourceUri":"https://console.cloud.google.com/cloud-build/builds;region=us-central1/041385e0-8183-4316-9da9-5d8cdf4818cf?project=577579480262"},{"name":"SERVICE","message":"Creating Cloud Run service","state":"COMPLETE","resource":"projects/gold-rush-2025/locations/us-central1/services/goldrushapi","resourceUri":"https://console.cloud.google.com/run/detail/us-central1/goldrushapi?project=gold-rush-2025"}],"sourceToken":"Cldwcm9qZWN0cy81Nzc1Nzk0ODAyNjIvbG9jYXRpb25zL3VzLWNlbnRyYWwxL2J1aWxkcy8wNDEzODVlMC04MTgzLTQzMTYtOWRhOS01ZDhjZGY0ODE4Y2YSbnVzLWNlbnRyYWwxLWRvY2tlci5wa2cuZGV2L2dvbGQtcnVzaC0yMDI1L2djZi1hcnRpZmFjdHMvZ29sZC0tcnVzaC0tMjAyNV9fdXMtLWNlbnRyYWwxX19nb2xkcnVzaF9hcGk6dmVyc2lvbl8xGMbprdPnECJDcHJvamVjdHMvZ29sZC1ydXNoLTIwMjUvbG9jYXRpb25zL3VzLWNlbnRyYWwxL2Z1bmN0aW9ucy9nb2xkcnVzaEFwaSoLCLb1ucsGENDHxUQyCG5vZGVqczIwOnYKI2djci5pby9nYWUtcnVudGltZXMvbm9kZWpzMjA6c3RhYmxlEk91cy1jZW50cmFsMS1kb2NrZXIucGtnLmRldi9zZXJ2ZXJsZXNzLXJ1bnRpbWVzL2dvb2dsZS0yMi1mdWxsL3J1bnRpbWVzL25vZGVqczIwQAE=","operationType":"CREATE_FUNCTION","buildName":"projects/577579480262/locations/us-central1/builds/041385e0-8183-4316-9da9-5d8cdf4818cf"},"done":true,"response":{"@type":"type.googleapis.com/google.cloud.functions.v2.Function","name":"projects/gold-rush-2025/locations/us-central1/functions/goldrushApi","buildConfig":{"build":"projects/577579480262/locations/us-central1/builds/041385e0-8183-4316-9da9-5d8cdf4818cf","runtime":"nodejs20","entryPoint":"goldrushApi","source":{"storageSource":{"bucket":"gcf-v2-sources-577579480262-us-central1","object":"goldrushApi/function-source.zip","generation":"1768848001587922"}},"environmentVariables":{"GOOGLE_NODE_RUN_SCRIPTS":""},"dockerRepository":"projects/gold-rush-2025/locations/us-central1/repositories/gcf-artifacts","sourceProvenance":{"resolvedStorageSource":{"bucket":"gcf-v2-sources-577579480262-us-central1","object":"goldrushApi/function-source.zip","generation":"1768848001587922"}},"dockerRegistry":"ARTIFACT_REGISTRY","serviceAccount":"projects/gold-rush-2025/serviceAccounts/577579480262-compute@developer.gserviceaccount.com","automaticUpdatePolicy":{}},"serviceConfig":{"service":"projects/gold-rush-2025/locations/us-central1/services/goldrushapi","timeoutSeconds":60,"environmentVariables":{"DB_USER":"sqlserver","DB_PASSWORD":"gold-rush-db","DB_HOST":"136.111.185.167","DB_PORT":"1433","DB_NAME":"gold_rush_main","STORE_ID":"certi6925618cc270e","STORE_PASSWORD":"certi6925618cc270e@ssl","IS_LIVE":"false","FIREBASE_CONFIG":"{\"projectId\":\"gold-rush-2025\",\"storageBucket\":\"gold-rush-2025.firebasestorage.app\"}","GCLOUD_PROJECT":"gold-rush-2025","EVENTARC_CLOUD_EVENT_SOURCE":"projects/gold-rush-2025/locations/us-central1/services/goldrushApi","FUNCTION_TARGET":"goldrushApi","LOG_EXECUTION_ID":"true"},"ingressSettings":"ALLOW_ALL","uri":"https://goldrushapi-etpcf7ssxq-uc.a.run.app","serviceAccountEmail":"577579480262-compute@developer.gserviceaccount.com","availableMemory":"256Mi","allTrafficOnLatestRevision":true,"revision":"goldrushapi-00001-vav","maxInstanceRequestConcurrency":80,"availableCpu":"1"},"state":"ACTIVE","updateTime":"2026-01-19T18:40:01.809812869Z","labels":{"firebase-functions-hash":"1e6df9630b209d9c64bd4b581adef1dfd25170c4","deployment-tool":"cli-firebase"},"environment":"GEN_2","url":"https://us-central1-gold-rush-2025.cloudfunctions.net/goldrushApi","createTime":"2026-01-19T18:40:01.809812869Z","satisfiesPzi":true}}
[debug] [2026-01-19T18:41:10.693Z] Got source token Cldwcm9qZWN0cy81Nzc1Nzk0ODAyNjIvbG9jYXRpb25zL3VzLWNlbnRyYWwxL2J1aWxkcy8wNDEzODVlMC04MTgzLTQzMTYtOWRhOS01ZDhjZGY0ODE4Y2YSbnVzLWNlbnRyYWwxLWRvY2tlci5wa2cuZGV2L2dvbGQtcnVzaC0yMDI1L2djZi1hcnRpZmFjdHMvZ29sZC0tcnVzaC0tMjAyNV9fdXMtLWNlbnRyYWwxX19nb2xkcnVzaF9hcGk6dmVyc2lvbl8xGMbprdPnECJDcHJvamVjdHMvZ29sZC1ydXNoLTIwMjUvbG9jYXRpb25zL3VzLWNlbnRyYWwxL2Z1bmN0aW9ucy9nb2xkcnVzaEFwaSoLCLb1ucsGENDHxUQyCG5vZGVqczIwOnYKI2djci5pby9nYWUtcnVudGltZXMvbm9kZWpzMjA6c3RhYmxlEk91cy1jZW50cmFsMS1kb2NrZXIucGtnLmRldi9zZXJ2ZXJsZXNzLXJ1bnRpbWVzL2dvb2dsZS0yMi1mdWxsL3J1bnRpbWVzL25vZGVqczIwQAE= for region us-central1
[debug] [2026-01-19T18:41:10.694Z] Checked if tokens are valid: true, expires at: 1768849227567
[debug] [2026-01-19T18:41:10.694Z] Checked if tokens are valid: true, expires at: 1768849227567
[debug] [2026-01-19T18:41:10.694Z] >>> [apiv2][query] POST https://run.googleapis.com/v1/projects/gold-rush-2025/locations/us-central1/services/goldrushapi:setIamPolicy [none]
[debug] [2026-01-19T18:41:10.694Z] >>> [apiv2][body] POST https://run.googleapis.com/v1/projects/gold-rush-2025/locations/us-central1/services/goldrushapi:setIamPolicy {"policy":{"bindings":[{"role":"roles/run.invoker","members":["allUsers"]}],"etag":"","version":3},"updateMask":"bindings,etag,version"}
[debug] [2026-01-19T18:41:12.525Z] <<< [apiv2][status] POST https://run.googleapis.com/v1/projects/gold-rush-2025/locations/us-central1/services/goldrushapi:setIamPolicy 200
[debug] [2026-01-19T18:41:12.525Z] <<< [apiv2][body] POST https://run.googleapis.com/v1/projects/gold-rush-2025/locations/us-central1/services/goldrushapi:setIamPolicy {"version":1,"etag":"BwZIwgkCQ7U=","bindings":[{"role":"roles/run.invoker","members":["allUsers"]}]}
[info] +  functions[goldrushApi(us-central1)] Successful create operation. 
[debug] [2026-01-19T18:41:12.526Z] Total Function Deployment time: 72264
[debug] [2026-01-19T18:41:12.526Z] 3 Functions Deployed
[debug] [2026-01-19T18:41:12.526Z] 0 Functions Errored
[debug] [2026-01-19T18:41:12.527Z] 0 Function Deployments Aborted
[debug] [2026-01-19T18:41:12.527Z] Average Function Deployment time: 27860.333333333332
[info] Function URL (goldrushApi(us-central1)): https://us-central1-gold-rush-2025.cloudfunctions.net/goldrushApi
[debug] [2026-01-19T18:41:12.527Z] Checked if tokens are valid: true, expires at: 1768849227567
[debug] [2026-01-19T18:41:12.528Z] Checked if tokens are valid: true, expires at: 1768849227567
[debug] [2026-01-19T18:41:12.528Z] >>> [apiv2][query] GET https://artifactregistry.googleapis.com/v1/projects/gold-rush-2025/locations/us-central1/repositories/gcf-artifacts [none]
[debug] [2026-01-19T18:41:13.946Z] <<< [apiv2][status] GET https://artifactregistry.googleapis.com/v1/projects/gold-rush-2025/locations/us-central1/repositories/gcf-artifacts 200
[debug] [2026-01-19T18:41:13.946Z] <<< [apiv2][body] GET https://artifactregistry.googleapis.com/v1/projects/gold-rush-2025/locations/us-central1/repositories/gcf-artifacts {"name":"projects/gold-rush-2025/locations/us-central1/repositories/gcf-artifacts","format":"DOCKER","description":"This repository is created and used by Cloud Functions for storing function docker images.","labels":{"goog-managed-by":"cloudfunctions"},"createTime":"2026-01-02T13:32:14.208525Z","updateTime":"2026-01-19T18:40:44.320985Z","mode":"STANDARD_REPOSITORY","cleanupPolicies":{"firebase-functions-cleanup":{"id":"firebase-functions-cleanup","action":"DELETE","condition":{"tagState":"ANY","olderThan":"604800s"}}},"sizeBytes":"534178533","vulnerabilityScanningConfig":{"lastEnableTime":"2026-01-02T13:32:05.979798886Z","enablementState":"SCANNING_DISABLED","enablementStateReason":"API containerscanning.googleapis.com is not enabled."},"satisfiesPzi":true,"registryUri":"us-central1-docker.pkg.dev/gold-rush-2025/gcf-artifacts"}
[debug] [2026-01-19T18:41:13.946Z] [
  {
    "config": {
      "public": "client/dist",
      "ignore": [
        "firebase.json",
        "**/node_modules/**"
      ],
      "rewrites": [
        {
          "source": "/api/**",
          "function": {
            "functionId": "goldrushApi"
          }
        },
        {
          "source": "**",
          "destination": "/index.html"
        }
      ],
      "site": "gold-rush-2025"
    },
    "version": "projects/577579480262/sites/gold-rush-2025/versions/57815b263fff7ddf"
  }
]
[info] i  hosting[gold-rush-2025]: finalizing version... 
[debug] [2026-01-19T18:41:13.947Z] Checked if tokens are valid: true, expires at: 1768849227567
[debug] [2026-01-19T18:41:13.947Z] Checked if tokens are valid: true, expires at: 1768849227567
[debug] [2026-01-19T18:41:13.948Z] >>> [apiv2][query] PATCH https://firebasehosting.googleapis.com/v1beta1/projects/-/sites/gold-rush-2025/versions/57815b263fff7ddf updateMask=status%2Cconfig
[debug] [2026-01-19T18:41:13.948Z] >>> [apiv2][body] PATCH https://firebasehosting.googleapis.com/v1beta1/projects/-/sites/gold-rush-2025/versions/57815b263fff7ddf {"status":"FINALIZED","config":{"rewrites":[{"glob":"/api/**","run":{"serviceId":"goldrushapi","region":"us-central1"}},{"glob":"**","path":"/index.html"}]}}
[debug] [2026-01-19T18:41:15.642Z] <<< [apiv2][status] PATCH https://firebasehosting.googleapis.com/v1beta1/projects/-/sites/gold-rush-2025/versions/57815b263fff7ddf 200
[debug] [2026-01-19T18:41:15.643Z] <<< [apiv2][body] PATCH https://firebasehosting.googleapis.com/v1beta1/projects/-/sites/gold-rush-2025/versions/57815b263fff7ddf {"name":"projects/577579480262/sites/gold-rush-2025/versions/57815b263fff7ddf","status":"FINALIZED","config":{"rewrites":[{"glob":"/api/**","run":{"serviceId":"goldrushapi","region":"us-central1"}},{"glob":"**","path":"/index.html"}]},"labels":{"deployment-tool":"cli-firebase"},"createTime":"2026-01-19T18:39:39.557242Z","createUser":{"email":"teammiracle.projects@gmail.com"},"finalizeTime":"2026-01-19T18:41:15.382786Z","finalizeUser":{"email":"teammiracle.projects@gmail.com"}}
[debug] [2026-01-19T18:41:15.643Z] [hosting] finalized version for gold-rush-2025:[object Object]
[info] +  hosting[gold-rush-2025]: version finalized 
[info] i  hosting[gold-rush-2025]: releasing new version... 
[debug] [2026-01-19T18:41:15.643Z] Checked if tokens are valid: true, expires at: 1768849227567
[debug] [2026-01-19T18:41:15.643Z] Checked if tokens are valid: true, expires at: 1768849227567
[debug] [2026-01-19T18:41:15.644Z] >>> [apiv2][query] POST https://firebasehosting.googleapis.com/v1beta1/projects/-/sites/gold-rush-2025/channels/live/releases versionName=projects%2F577579480262%2Fsites%2Fgold-rush-2025%2Fversions%2F57815b263fff7ddf
[debug] [2026-01-19T18:41:15.644Z] >>> [apiv2][body] POST https://firebasehosting.googleapis.com/v1beta1/projects/-/sites/gold-rush-2025/channels/live/releases {}
[debug] [2026-01-19T18:41:16.034Z] <<< [apiv2][status] POST https://firebasehosting.googleapis.com/v1beta1/projects/-/sites/gold-rush-2025/channels/live/releases 200
